Archive member included to satisfy reference by file (symbol)

C:/Users/Prince Jha/.pico-sdk/toolchain/15_2_Rel1/bin/../lib/gcc/arm-none-eabi/15.2.1/thumb/v6-m/nofp\libgcc.a(_dvmd_tls.o)
                              CMakeFiles/PICO_UART.dir/C_/Users/Prince_Jha/.pico-sdk/sdk/2.3.0/src/rp2_common/pico_divider/divider_hardware.S.obj (__aeabi_idiv0)
C:/Users/Prince Jha/.pico-sdk/toolchain/15_2_Rel1/bin/../lib/gcc/arm-none-eabi/15.2.1/../../../../arm-none-eabi/lib/thumb/v6-m/nofp\libg.a(libc_a-calloc.o)
                              CMakeFiles/PICO_UART.dir/C_/Users/Prince_Jha/.pico-sdk/sdk/2.3.0/src/rp2_common/pico_malloc/malloc.c.obj (calloc)
C:/Users/Prince Jha/.pico-sdk/toolchain/15_2_Rel1/bin/../lib/gcc/arm-none-eabi/15.2.1/../../../../arm-none-eabi/lib/thumb/v6-m/nofp\libg.a(libc_a-callocr.o)
                              C:/Users/Prince Jha/.pico-sdk/toolchain/15_2_Rel1/bin/../lib/gcc/arm-none-eabi/15.2.1/../../../../arm-none-eabi/lib/thumb/v6-m/nofp\libg.a(libc_a-calloc.o) (_calloc_r)
C:/Users/Prince Jha/.pico-sdk/toolchain/15_2_Rel1/bin/../lib/gcc/arm-none-eabi/15.2.1/../../../../arm-none-eabi/lib/thumb/v6-m/nofp\libg.a(libc_a-malloc.o)
                              CMakeFiles/PICO_UART.dir/C_/Users/Prince_Jha/.pico-sdk/sdk/2.3.0/src/rp2_common/pico_malloc/malloc.c.obj (malloc)
C:/Users/Prince Jha/.pico-sdk/toolchain/15_2_Rel1/bin/../lib/gcc/arm-none-eabi/15.2.1/../../../../arm-none-eabi/lib/thumb/v6-m/nofp\libg.a(libc_a-mallocr.o)
                              C:/Users/Prince Jha/.pico-sdk/toolchain/15_2_Rel1/bin/../lib/gcc/arm-none-eabi/15.2.1/../../../../arm-none-eabi/lib/thumb/v6-m/nofp\libg.a(libc_a-callocr.o) (_malloc_r)
C:/Users/Prince Jha/.pico-sdk/toolchain/15_2_Rel1/bin/../lib/gcc/arm-none-eabi/15.2.1/../../../../arm-none-eabi/lib/thumb/v6-m/nofp\libg.a(libc_a-mlock.o)
                              C:/Users/Prince Jha/.pico-sdk/toolchain/15_2_Rel1/bin/../lib/gcc/arm-none-eabi/15.2.1/../../../../arm-none-eabi/lib/thumb/v6-m/nofp\libg.a(libc_a-mallocr.o) (__malloc_lock)
C:/Users/Prince Jha/.pico-sdk/toolchain/15_2_Rel1/bin/../lib/gcc/arm-none-eabi/15.2.1/../../../../arm-none-eabi/lib/thumb/v6-m/nofp\libg.a(libc_a-realloc.o)
                              CMakeFiles/PICO_UART.dir/C_/Users/Prince_Jha/.pico-sdk/sdk/2.3.0/src/rp2_common/pico_malloc/malloc.c.obj (realloc)
C:/Users/Prince Jha/.pico-sdk/toolchain/15_2_Rel1/bin/../lib/gcc/arm-none-eabi/15.2.1/../../../../arm-none-eabi/lib/thumb/v6-m/nofp\libg.a(libc_a-reallocr.o)
                              C:/Users/Prince Jha/.pico-sdk/toolchain/15_2_Rel1/bin/../lib/gcc/arm-none-eabi/15.2.1/../../../../arm-none-eabi/lib/thumb/v6-m/nofp\libg.a(libc_a-realloc.o) (_realloc_r)
C:/Users/Prince Jha/.pico-sdk/toolchain/15_2_Rel1/bin/../lib/gcc/arm-none-eabi/15.2.1/../../../../arm-none-eabi/lib/thumb/v6-m/nofp\libg.a(libc_a-memcmp.o)
                              CMakeFiles/PICO_UART.dir/C_/Users/Prince_Jha/.pico-sdk/sdk/2.3.0/src/rp2_common/pico_atomic/atomic.c.obj (memcmp)
C:/Users/Prince Jha/.pico-sdk/toolchain/15_2_Rel1/bin/../lib/gcc/arm-none-eabi/15.2.1/../../../../arm-none-eabi/lib/thumb/v6-m/nofp\libg.a(libc_a-memmove.o)
                              C:/Users/Prince Jha/.pico-sdk/toolchain/15_2_Rel1/bin/../lib/gcc/arm-none-eabi/15.2.1/../../../../arm-none-eabi/lib/thumb/v6-m/nofp\libg.a(libc_a-reallocr.o) (memmove)
C:/Users/Prince Jha/.pico-sdk/toolchain/15_2_Rel1/bin/../lib/gcc/arm-none-eabi/15.2.1/../../../../arm-none-eabi/lib/thumb/v6-m/nofp\libg.a(libc_a-lcltime_r.o)
                              CMakeFiles/PICO_UART.dir/C_/Users/Prince_Jha/.pico-sdk/sdk/2.3.0/src/common/pico_util/datetime.c.obj (localtime_r)
C:/Users/Prince Jha/.pico-sdk/toolchain/15_2_Rel1/bin/../lib/gcc/arm-none-eabi/15.2.1/../../../../arm-none-eabi/lib/thumb/v6-m/nofp\libg.a(libc_a-mktime.o)
                              CMakeFiles/PICO_UART.dir/C_/Users/Prince_Jha/.pico-sdk/sdk/2.3.0/src/common/pico_util/datetime.c.obj (mktime)
C:/Users/Prince Jha/.pico-sdk/toolchain/15_2_Rel1/bin/../lib/gcc/arm-none-eabi/15.2.1/../../../../arm-none-eabi/lib/thumb/v6-m/nofp\libg.a(libc_a-month_lengths.o)
                              C:/Users/Prince Jha/.pico-sdk/toolchain/15_2_Rel1/bin/../lib/gcc/arm-none-eabi/15.2.1/../../../../arm-none-eabi/lib/thumb/v6-m/nofp\libg.a(libc_a-lcltime_r.o) (__month_lengths)
C:/Users/Prince Jha/.pico-sdk/toolchain/15_2_Rel1/bin/../lib/gcc/arm-none-eabi/15.2.1/../../../../arm-none-eabi/lib/thumb/v6-m/nofp\libg.a(libc_a-tzcalc_limits.o)
                              C:/Users/Prince Jha/.pico-sdk/toolchain/15_2_Rel1/bin/../lib/gcc/arm-none-eabi/15.2.1/../../../../arm-none-eabi/lib/thumb/v6-m/nofp\libg.a(libc_a-lcltime_r.o) (__tzcalc_limits)
C:/Users/Prince Jha/.pico-sdk/toolchain/15_2_Rel1/bin/../lib/gcc/arm-none-eabi/15.2.1/../../../../arm-none-eabi/lib/thumb/v6-m/nofp\libg.a(libc_a-tzlock.o)
[...]
Memory Configuration

Name             Origin             Length             Attributes
FLASH            0x10000000         0x00200000         xr
XIP_RAM          0x15000000         0x00004000         xrw
RAM              0x20000000         0x00040000         xrw
SCRATCH_X        0x20040000         0x00001000         xrw
SCRATCH_Y        0x20041000         0x00001000         xrw
*default*        0x00000000         0xffffffff

Linker script and memory map

                0x20000000                        RAM_ORIGIN_DEFAULT = 0x20000000
                0x00040000                        RAM_LENGTH_DEFAULT = 0x40000
                0x20040000                        SCRATCH_X_ORIGIN_DEFAULT = 0x20040000
                0x00001000                        SCRATCH_X_LENGTH_DEFAULT = 0x1000
                0x20041000                        SCRATCH_Y_ORIGIN_DEFAULT = 0x20041000
                0x00001000                        SCRATCH_Y_LENGTH_DEFAULT = 0x1000
                0x15000000                        XIP_RAM_ORIGIN_DEFAULT = 0x15000000
                0x00004000                        XIP_RAM_LENGTH_DEFAULT = 0x4000
LOAD CMakeFiles/PICO_UART.dir/PICO_UART.c.obj
LOAD CMakeFiles/PICO_UART.dir/C_/Users/Prince_Jha/.pico-sdk/sdk/2.3.0/src/rp2_common/pico_stdlib/stdlib.c.obj
LOAD CMakeFiles/PICO_UART.dir/C_/Users/Prince_Jha/.pico-sdk/sdk/2.3.0/src/rp2_common/hardware_gpio/gpio.c.obj
LOAD CMakeFiles/PICO_UART.dir/C_/Users/Prince_Jha/.pico-sdk/sdk/2.3.0/src/rp2040/pico_platform/platform.c.obj
LOAD CMakeFiles/PICO_UART.dir/C_/Users/Prince_Jha/.pico-sdk/sdk/2.3.0/src/rp2_common/pico_platform_common/common.c.obj
LOAD CMakeFiles/PICO_UART.dir/C_/Users/Prince_Jha/.pico-sdk/sdk/2.3.0/src/rp2_common/pico_platform_panic/panic.c.obj
LOAD CMakeFiles/PICO_UART.dir/C_/Users/Prince_Jha/.pico-sdk/sdk/2.3.0/src/rp2_common/pico_platform_panic/custom_panic_function.S.obj
LOAD CMakeFiles/PICO_UART.dir/C_/Users/Prince_Jha/.pico-sdk/sdk/2.3.0/src/common/hardware_claim/claim.c.obj
LOAD CMakeFiles/PICO_UART.dir/C_/Users/Prince_Jha/.pico-sdk/sdk/2.3.0/src/rp2_common/hardware_sync/sync.c.obj
LOAD CMakeFiles/PICO_UART.dir/C_/Users/Prince_Jha/.pico-sdk/sdk/2.3.0/src/rp2_common/hardware_sync_spin_lock/sync_spin_lock.c.obj
LOAD CMakeFiles/PICO_UART.dir/C_/Users/Prince_Jha/.pico-sdk/sdk/2.3.0/src/rp2_common/hardware_irq/irq.c.obj
LOAD CMakeFiles/PICO_UART.dir/C_/Users/Prince_Jha/.pico-sdk/sdk/2.3.0/src/rp2_common/hardware_irq/irq_handler_chain.S.obj
LOAD CMakeFiles/PICO_UART.dir/C_/Users/Prince_Jha/.pico-sdk/sdk/2.3.0/src/common/pico_sync/sem.c.obj
LOAD CMakeFiles/PICO_UART.dir/C_/Users/Prince_Jha/.pico-sdk/sdk/2.3.0/src/common/pico_sync/lock_core.c.obj
LOAD CMakeFiles/PICO_UART.dir/C_/Users/Prince_Jha/.pico-sdk/sdk/2.3.0/src/common/pico_sync/mutex.c.obj
LOAD CMakeFiles/PICO_UART.dir/C_/Users/Prince_Jha/.pico-sdk/sdk/2.3.0/src/common/pico_sync/critical_section.c.obj
LOAD CMakeFiles/PICO_UART.dir/C_/Users/Prince_Jha/.pico-sdk/sdk/2.3.0/src/common/pico_time/time.c.obj
LOAD CMakeFiles/PICO_UART.dir/C_/Users/Prince_Jha/.pico-sdk/sdk/2.3.0/src/common/pico_time/timeout_helper.c.obj
LOAD CMakeFiles/PICO_UART.dir/C_/Users/Prince_Jha/.pico-sdk/sdk/2.3.0/src/rp2_common/hardware_timer/timer.c.obj
LOAD CMakeFiles/PICO_UART.dir/C_/Users/Prince_Jha/.pico-sdk/sdk/2.3.0/src/common/pico_util/datetime.c.obj
LOAD CMakeFiles/PICO_UART.dir/C_/Users/Prince_Jha/.pico-sdk/sdk/2.3.0/src/common/pico_util/fixed_bitset.c.obj
LOAD CMakeFiles/PICO_UART.dir/C_/Users/Prince_Jha/.pico-sdk/sdk/2.3.0/src/common/pico_util/pheap.c.obj
LOAD CMakeFiles/PICO_UART.dir/C_/Users/Prince_Jha/.pico-sdk/sdk/2.3.0/src/common/pico_util/queue.c.obj
LOAD CMakeFiles/PICO_UART.dir/C_/Users/Prince_Jha/.pico-sdk/sdk/2.3.0/src/rp2_common/hardware_uart/uart.c.obj
LOAD CMakeFiles/PICO_UART.dir/C_/Users/Prince_Jha/.pico-sdk/sdk/2.3.0/src/rp2_common/hardware_clocks/clocks.c.obj
LOAD CMakeFiles/PICO_UART.dir/C_/Users/Prince_Jha/.pico-sdk/sdk/2.3.0/src/rp2_common/hardware_pll/pll.c.obj
LOAD CMakeFiles/PICO_UART.dir/C_/Users/Prince_Jha/.pico-sdk/sdk/2.3.0/src/rp2_common/hardware_vreg/vreg.c.obj
LOAD CMakeFiles/PICO_UART.dir/C_/Users/Prince_Jha/.pico-sdk/sdk/2.3.0/src/rp2_common/hardware_watchdog/watchdog.c.obj
LOAD CMakeFiles/PICO_UART.dir/C_/Users/Prince_Jha/.pico-sdk/sdk/2.3.0/src/rp2_common/hardware_ticks/ticks.c.obj
LOAD CMakeFiles/PICO_UART.dir/C_/Users/Prince_Jha/.pico-sdk/sdk/2.3.0/src/rp2_common/pico_bootrom/bootrom.c.obj
LOAD CMakeFiles/PICO_UART.dir/C_/Users/Prince_Jha/.pico-sdk/sdk/2.3.0/src/rp2_common/pico_bootrom/bootrom_lock.c.obj
LOAD CMakeFiles/PICO_UART.dir/C_/Users/Prince_Jha/.pico-sdk/sdk/2.3.0/src/rp2_common/hardware_boot_lock/boot_lock.c.obj
LOAD CMakeFiles/PICO_UART.dir/C_/Users/Prince_Jha/.pico-sdk/sdk/2.3.0/src/rp2_common/pico_flash/flash.c.obj
LOAD CMakeFiles/PICO_UART.dir/C_/Users/Prince_Jha/.pico-sdk/sdk/2.3.0/src/rp2_common/hardware_xosc/xosc.c.obj
LOAD CMakeFiles/PICO_UART.dir/C_/Users/Prince_Jha/.pico-sdk/sdk/2.3.0/src/rp2_common/hardware_divider/divider.S.obj
LOAD CMakeFiles/PICO_UART.dir/C_/Users/Prince_Jha/.pico-sdk/sdk/2.3.0/src/rp2_common/pico_runtime/runtime.c.obj
LOAD CMakeFiles/PICO_UART.dir/C_/Users/Prince_Jha/.pico-sdk/sdk/2.3.0/src/rp2_common/pico_runtime_init/runtime_init.c.obj
LOAD CMakeFiles/PICO_UART.dir/C_/Users/Prince_Jha/.pico-sdk/sdk/2.3.0/src/rp2_common/pico_runtime_init/runtime_init_clocks.c.obj
LOAD CMakeFiles/PICO_UART.dir/C_/Users/Prince_Jha/.pico-sdk/sdk/2.3.0/src/rp2_common/pico_runtime_init/runtime_init_stack_guard.c.obj
LOAD CMakeFiles/PICO_UART.dir/C_/Users/Prince_Jha/.pico-sdk/sdk/2.3.0/src/rp2_common/hardware_rtc/rtc.c.obj
LOAD CMakeFiles/PICO_UART.dir/C_/Users/Prince_Jha/.pico-sdk/sdk/2.3.0/src/rp2_common/pico_bit_ops/bit_ops_aeabi.S.obj
LOAD CMakeFiles/PICO_UART.dir/C_/Users/Prince_Jha/.pico-sdk/sdk/2.3.0/src/rp2_common/pico_divider/divider_hardware.S.obj
LOAD CMakeFiles/PICO_UART.dir/C_/Users/Prince_Jha/.pico-sdk/sdk/2.3.0/src/rp2_common/pico_double/double_aeabi_rp2040.S.obj
LOAD CMakeFiles/PICO_UART.dir/C_/Users/Prince_Jha/.pico-sdk/sdk/2.3.0/src/rp2_common/pico_double/double_init_rom_rp2040.c.obj
LOAD CMakeFiles/PICO_UART.dir/C_/Users/Prince_Jha/.pico-sdk/sdk/2.3.0/src/rp2_common/pico_double/double_math.c.obj
LOAD CMakeFiles/PICO_UART.dir/C_/Users/Prince_Jha/.pico-sdk/sdk/2.3.0/src/rp2_common/pico_double/double_v1_rom_shim_rp2040.S.obj
LOAD CMakeFiles/PICO_UART.dir/C_/Users/Prince_Jha/.pico-sdk/sdk/2.3.0/src/rp2_common/pico_int64_ops/pico_int64_ops_aeabi.S.obj
LOAD CMakeFiles/PICO_UART.dir/C_/Users/Prince_Jha/.pico-sdk/sdk/2.3.0/src/rp2_common/pico_float/float_aeabi_rp2040.S.obj
LOAD CMakeFiles/PICO_UART.dir/C_/Users/Prince_Jha/.pico-sdk/sdk/2.3.0/src/rp2_common/pico_float/float_init_rom_rp2040.c.obj
LOAD CMakeFiles/PICO_UART.dir/C_/Users/Prince_Jha/.pico-sdk/sdk/2.3.0/src/rp2_common/pico_float/float_math.c.obj
LOAD CMakeFiles/PICO_UART.dir/C_/Users/Prince_Jha/.pico-sdk/sdk/2.3.0/src/rp2_common/pico_float/float_v1_rom_shim_rp2040.S.obj
LOAD CMakeFiles/PICO_UART.dir/C_/Users/Prince_Jha/.pico-sdk/sdk/2.3.0/src/rp2_common/pico_malloc/malloc.c.obj
LOAD CMakeFiles/PICO_UART.dir/C_/Users/Prince_Jha/.pico-sdk/sdk/2.3.0/src/rp2_common/pico_mem_ops/mem_ops_aeabi.S.obj
LOAD CMakeFiles/PICO_UART.dir/C_/Users/Prince_Jha/.pico-sdk/sdk/2.3.0/src/rp2_common/pico_atomic/atomic.c.obj
LOAD CMakeFiles/PICO_UART.dir/C_/Users/Prince_Jha/.pico-sdk/sdk/2.3.0/src/rp2_common/pico_cxx_options/new_delete.cpp.obj
LOAD CMakeFiles/PICO_UART.dir/C_/Users/Prince_Jha/.pico-sdk/sdk/2.3.0/src/rp2_common/pico_standard_binary_info/standard_binary_info.c.obj
LOAD CMakeFiles/PICO_UART.dir/C_/Users/Prince_Jha/.pico-sdk/sdk/2.3.0/src/rp2_common/pico_printf/printf.c.obj
LOAD CMakeFiles/PICO_UART.dir/C_/Users/Prince_Jha/.pico-sdk/sdk/2.3.0/src/rp2_common/pico_crt0/crt0.S.obj
LOAD CMakeFiles/PICO_UART.dir/C_/Users/Prince_Jha/.pico-sdk/sdk/2.3.0/src/rp2_common/pico_clib_interface/newlib_interface.c.obj
LOAD CMakeFiles/PICO_UART.dir/C_/Users/Prince_Jha/.pico-sdk/sdk/2.3.0/src/rp2_common/pico_clib_interface/cxa_guard.c.obj
LOAD CMakeFiles/PICO_UART.dir/C_/Users/Prince_Jha/.pico-sdk/sdk/2.3.0/src/rp2_common/pico_stdio/stdio.c.obj
LOAD CMakeFiles/PICO_UART.dir/C_/Users/Prince_Jha/.pico-sdk/sdk/2.3.0/src/rp2_common/pico_thread_local/thread_local.c.obj
LOAD pico-sdk/src/rp2040/boot_stage2/CMakeFiles/bs2_default_library.dir/./bs2_default_padded_checksummed.S.obj
LOAD C:/Users/Prince Jha/.pico-sdk/toolchain/15_2_Rel1/bin/../lib/gcc/arm-none-eabi/15.2.1/../../../../arm-none-eabi/lib/thumb/v6-m/nofp\libstdc++.a
LOAD C:/Users/Prince Jha/.pico-sdk/toolchain/15_2_Rel1/bin/../lib/gcc/arm-none-eabi/15.2.1/../../../../arm-none-eabi/lib/thumb/v6-m/nofp\libm.a
START GROUP
LOAD C:/Users/Prince Jha/.pico-sdk/toolchain/15_2_Rel1/bin/../lib/gcc/arm-none-eabi/15.2.1/thumb/v6-m/nofp\libgcc.a
LOAD C:/Users/Prince Jha/.pico-sdk/toolchain/15_2_Rel1/bin/../lib/gcc/arm-none-eabi/15.2.1/../../../../arm-none-eabi/lib/thumb/v6-m/nofp\libg.a
LOAD C:/Users/Prince Jha/.pico-sdk/toolchain/15_2_Rel1/bin/../lib/gcc/arm-none-eabi/15.2.1/../../../../arm-none-eabi/lib/thumb/v6-m/nofp\libc.a
END GROUP
                0x20000000                        PROVIDE (RAM_ORIGIN = RAM_ORIGIN_DEFAULT)
                0x00040000                        PROVIDE (RAM_LENGTH = RAM_LENGTH_DEFAULT)
                0x20040000                        PROVIDE (SCRATCH_X_ORIGIN = SCRATCH_X_ORIGIN_DEFAULT)
                0x00001000                        PROVIDE (SCRATCH_X_LENGTH = SCRATCH_X_LENGTH_DEFAULT)
                0x20041000                        PROVIDE (SCRATCH_Y_ORIGIN = SCRATCH_Y_ORIGIN_DEFAULT)
                0x00001000                        PROVIDE (SCRATCH_Y_LENGTH = SCRATCH_Y_LENGTH_DEFAULT)
                0x15000000                        PROVIDE (XIP_RAM_ORIGIN = XIP_RAM_ORIGIN_DEFAULT)
                0x00004000                        PROVIDE (XIP_RAM_LENGTH = XIP_RAM_LENGTH_DEFAULT)
                0x20000000                        RAM_ORIGIN = DEFINED (RAM_ORIGIN)?RAM_ORIGIN:RAM_ORIGIN_DEFAULT
                0x00040000                        RAM_LENGTH = DEFINED (RAM_LENGTH)?RAM_LENGTH:RAM_LENGTH_DEFAULT
                0x20040000                        SCRATCH_X_ORIGIN = DEFINED (SCRATCH_X_ORIGIN)?SCRATCH_X_ORIGIN:SCRATCH_X_ORIGIN_DEFAULT
                0x00001000                        SCRATCH_X_LENGTH = DEFINED (SCRATCH_X_LENGTH)?SCRATCH_X_LENGTH:SCRATCH_X_LENGTH_DEFAULT
                0x20041000                        SCRATCH_Y_ORIGIN = DEFINED (SCRATCH_Y_ORIGIN)?SCRATCH_Y_ORIGIN:SCRATCH_Y_ORIGIN_DEFAULT
                0x00001000                        SCRATCH_Y_LENGTH = DEFINED (SCRATCH_Y_LENGTH)?SCRATCH_Y_LENGTH:SCRATCH_Y_LENGTH_DEFAULT
                0x15000000                        XIP_RAM_ORIGIN = DEFINED (XIP_RAM_ORIGIN)?XIP_RAM_ORIGIN:XIP_RAM_ORIGIN_DEFAULT
                0x00004000                        XIP_RAM_LENGTH = DEFINED (XIP_RAM_LENGTH)?XIP_RAM_LENGTH:XIP_RAM_LENGTH_DEFAULT

.flash_begin    0x10000000        0x0
                0x10000000                        __flash_binary_start = .

.boot2          0x10000000      0x100
                0x10000000                        __boot2_start__ = .
 *(.boot2)
 .boot2         0x10000000      0x100 pico-sdk/src/rp2040/boot_stage2/CMakeFiles/bs2_default_library.dir/./bs2_default_padded_checksummed.S.obj
                0x10000100                        __boot2_end__ = .
                0x00000001                        ASSERT (((__boot2_end__ - __boot2_start__) == 0x100), ERROR: Pico second stage bootloader must be exactly 256 bytes in size for RP2040)

.text           0x10000100     0x16ec
                0x10000100                        __logical_binary_start = .
 *(.vectors)
 .vectors       0x10000100       0xd4 CMakeFiles/PICO_UART.dir/C_/Users/Prince_Jha/.pico-sdk/sdk/2.3.0/src/rp2_common/pico_crt0/crt0.S.obj
                0x10000100                __VECTOR_TABLE
                0x10000100                __vectors
                0x100001c0                isr_irq13
                0x100001c0                isr_irq27
                0x100001c0                isr_irq31
                0x100001c0                isr_irq12
                0x100001c0                isr_irq5
                0x100001c0                isr_irq11
                0x100001c0                isr_irq3
                0x100001c0                isr_irq23
                0x100001c0                __unhandled_user_irq
                0x100001c0                isr_irq26
                0x100001c0                isr_irq28
                0x100001c0                isr_irq19
                0x100001c0                isr_irq0
                0x100001c0                isr_irq6
                0x100001c0                isr_irq29
                0x100001c0                isr_irq16
                0x100001c0                isr_irq22
                0x100001c0                isr_irq18
                0x100001c0                isr_irq17
                0x100001c0                isr_irq14
                0x100001c0                __vectors_end
                0x100001c0                __default_isrs_start
                0x100001c0                isr_irq2
                0x100001c0                isr_irq10
                0x100001c0                isr_irq8
                0x100001c0                isr_irq24
                0x100001c0                isr_irq1
                0x100001c0                isr_irq7
                0x100001c0                isr_irq20
                0x100001c0                isr_irq15
                0x100001c0                isr_irq25
                0x100001c0                isr_irq4
                0x100001c0                isr_irq30
                0x100001c0                isr_irq9
                0x100001c6                unhandled_user_irq_num_in_r0
                0x100001c8                isr_invalid
                0x100001ca                isr_nmi
                0x100001cc                isr_hardfault
                0x100001ce                isr_svcall
                0x100001d0                isr_pendsv
                0x100001d2                isr_systick
                0x100001d4                __default_isrs_end
 *(.binary_info_header)
 .binary_info_header
                0x100001d4       0x14 CMakeFiles/PICO_UART.dir/C_/Users/Prince_Jha/.pico-sdk/sdk/2.3.0/src/rp2_common/pico_crt0/crt0.S.obj
                0x100001e8                        __binary_info_header_end = .
 *(.embedded_block)
                0x100001e8                        __embedded_block_end = .
 *(.reset)
 .reset         0x100001e8       0x98 CMakeFiles/PICO_UART.dir/C_/Users/Prince_Jha/.pico-sdk/sdk/2.3.0/src/rp2_common/pico_crt0/crt0.S.obj
                0x100001e8                _entry_point
 *(.init)
 *libgcc.a:cmse_nonsecure_call.o()
 *(EXCLUDE_FILE(*libm.a: *lib*_a-mem*.o *libc.a: *libgcc.a:) .text*)
 .text.startup.main
                0x10000280      0x1cc CMakeFiles/PICO_UART.dir/PICO_UART.c.obj
                0x10000280                main
 .text.isr_irq21
                0x1000044c       0x48 CMakeFiles/PICO_UART.dir/PICO_UART.c.obj
                0x1000044c                isr_irq21
 .text.panic    0x10000494       0x30 CMakeFiles/PICO_UART.dir/C_/Users/Prince_Jha/.pico-sdk/sdk/2.3.0/src/rp2_common/pico_platform_panic/panic.c.obj
                0x10000494                panic
 .text.hw_claim_or_assert
                0x100004c4       0x50 CMakeFiles/PICO_UART.dir/C_/Users/Prince_Jha/.pico-sdk/sdk/2.3.0/src/common/hardware_claim/claim.c.obj
                0x100004c4                hw_claim_or_assert
 .text.next_striped_spin_lock_num
                0x10000514       0x18 CMakeFiles/PICO_UART.dir/C_/Users/Prince_Jha/.pico-sdk/sdk/2.3.0/src/rp2_common/hardware_sync/sync.c.obj
                0x10000514                next_striped_spin_lock_num
 .text.spin_locks_reset
                0x1000052c       0x1c CMakeFiles/PICO_UART.dir/C_/Users/Prince_Jha/.pico-sdk/sdk/2.3.0/src/rp2_common/hardware_sync_spin_lock/sync_spin_lock.c.obj
                0x1000052c                spin_locks_reset
 .text.runtime_init_per_core_irq_priorities
                0x10000548       0x48 CMakeFiles/PICO_UART.dir/C_/Users/Prince_Jha/.pico-sdk/sdk/2.3.0/src/rp2_common/hardware_irq/irq.c.obj
                0x10000548                runtime_init_per_core_irq_priorities
 .text.irq_set_enabled
                0x10000590       0x24 CMakeFiles/PICO_UART.dir/C_/Users/Prince_Jha/.pico-sdk/sdk/2.3.0/src/rp2_common/hardware_irq/irq.c.obj
                0x10000590                irq_set_enabled
 .text.irq_set_exclusive_handler
                0x100005b4       0x54 CMakeFiles/PICO_UART.dir/C_/Users/Prince_Jha/.pico-sdk/sdk/2.3.0/src/rp2_common/hardware_irq/irq.c.obj
                0x100005b4                irq_set_exclusive_handler
 .text.lock_init
                0x10000608       0x10 CMakeFiles/PICO_UART.dir/C_/Users/Prince_Jha/.pico-sdk/sdk/2.3.0/src/common/pico_sync/lock_core.c.obj
                0x10000608                lock_init
 .text.runtime_init_mutex
                0x10000618       0x50 CMakeFiles/PICO_UART.dir/C_/Users/Prince_Jha/.pico-sdk/sdk/2.3.0/src/common/pico_sync/mutex.c.obj
                0x10000618                runtime_init_mutex
 .text.sleep_until_callback
                0x10000668       0x30 CMakeFiles/PICO_UART.dir/C_/Users/Prince_Jha/.pico-sdk/sdk/2.3.0/src/common/pico_time/time.c.obj
 .text.alarm_pool_irq_handler
                0x10000698      0x2f4 CMakeFiles/PICO_UART.dir/C_/Users/Prince_Jha/.pico-sdk/sdk/2.3.0/src/common/pico_time/time.c.obj
 .text.runtime_init_default_alarm_pool
                0x1000098c       0xd8 CMakeFiles/PICO_UART.dir/C_/Users/Prince_Jha/.pico-sdk/sdk/2.3.0/src/common/pico_time/time.c.obj
                0x1000098c                runtime_init_default_alarm_pool
 .text.alarm_pool_add_alarm_at_force_in_context
                0x10000a64       0xbc CMakeFiles/PICO_UART.dir/C_/Users/Prince_Jha/.pico-sdk/sdk/2.3.0/src/common/pico_time/time.c.obj
                0x10000a64                alarm_pool_add_alarm_at_force_in_context
 .text.alarm_pool_cancel_alarm
                0x10000b20       0x74 CMakeFiles/PICO_UART.dir/C_/Users/Prince_Jha/.pico-sdk/sdk/2.3.0/src/common/pico_time/time.c.obj
                0x10000b20                alarm_pool_cancel_alarm
 .text.best_effort_wfe_or_timeout
                0x10000b94      0x12c CMakeFiles/PICO_UART.dir/C_/Users/Prince_Jha/.pico-sdk/sdk/2.3.0/src/common/pico_time/time.c.obj
                0x10000b94                best_effort_wfe_or_timeout
 .text.timer_hardware_alarm_claim
                0x10000cc0       0x14 CMakeFiles/PICO_UART.dir/C_/Users/Prince_Jha/.pico-sdk/sdk/2.3.0/src/rp2_common/hardware_timer/timer.c.obj
                0x10000cc0                timer_hardware_alarm_claim
 .text.timer_time_us_64
                0x10000cd4       0x10 CMakeFiles/PICO_UART.dir/C_/Users/Prince_Jha/.pico-sdk/sdk/2.3.0/src/rp2_common/hardware_timer/timer.c.obj
                0x10000cd4                timer_time_us_64
 .text.time_us_64
                0x10000ce4       0x14 CMakeFiles/PICO_UART.dir/C_/Users/Prince_Jha/.pico-sdk/sdk/2.3.0/src/rp2_common/hardware_timer/timer.c.obj
                0x10000ce4                time_us_64
 .text.clock_configure_int_divider
                0x10000cf8       0xec CMakeFiles/PICO_UART.dir/C_/Users/Prince_Jha/.pico-sdk/sdk/2.3.0/src/rp2_common/hardware_clocks/clocks.c.obj
                0x10000cf8                clock_configure_int_divider
 .text.clock_configure_undivided
                0x10000de4       0xe0 CMakeFiles/PICO_UART.dir/C_/Users/Prince_Jha/.pico-sdk/sdk/2.3.0/src/rp2_common/hardware_clocks/clocks.c.obj
                0x10000de4                clock_configure_undivided
 .text.clock_get_hz
                0x10000ec4        0xc CMakeFiles/PICO_UART.dir/C_/Users/Prince_Jha/.pico-sdk/sdk/2.3.0/src/rp2_common/hardware_clocks/clocks.c.obj
                0x10000ec4                clock_get_hz
 .text.pll_init
                0x10000ed0       0xb0 CMakeFiles/PICO_UART.dir/C_/Users/Prince_Jha/.pico-sdk/sdk/2.3.0/src/rp2_common/hardware_pll/pll.c.obj
                0x10000ed0                pll_init
 .text.tick_start
                0x10000f80       0x10 CMakeFiles/PICO_UART.dir/C_/Users/Prince_Jha/.pico-sdk/sdk/2.3.0/src/rp2_common/hardware_ticks/ticks.c.obj
                0x10000f80                tick_start
 .text.rom_func_lookup
                0x10000f90       0x10 CMakeFiles/PICO_UART.dir/C_/Users/Prince_Jha/.pico-sdk/sdk/2.3.0/src/rp2_common/pico_bootrom/bootrom.c.obj
                0x10000f90                rom_func_lookup
 .text.rom_data_lookup
                0x10000fa0       0x10 CMakeFiles/PICO_UART.dir/C_/Users/Prince_Jha/.pico-sdk/sdk/2.3.0/src/rp2_common/pico_bootrom/bootrom.c.obj
                0x10000fa0                rom_data_lookup
 .text.rom_funcs_lookup
                0x10000fb0       0x44 CMakeFiles/PICO_UART.dir/C_/Users/Prince_Jha/.pico-sdk/sdk/2.3.0/src/rp2_common/pico_bootrom/bootrom.c.obj
                0x10000fb0                rom_funcs_lookup
 .text.xosc_init
                0x10000ff4       0x28 CMakeFiles/PICO_UART.dir/C_/Users/Prince_Jha/.pico-sdk/sdk/2.3.0/src/rp2_common/hardware_xosc/xosc.c.obj
                0x10000ff4                xosc_init
 .text.first_per_core_initializer
                0x1000101c        0x4 CMakeFiles/PICO_UART.dir/C_/Users/Prince_Jha/.pico-sdk/sdk/2.3.0/src/rp2_common/pico_runtime/runtime.c.obj
 .text.hard_assertion_failure
                0x10001020        0xc CMakeFiles/PICO_UART.dir/C_/Users/Prince_Jha/.pico-sdk/sdk/2.3.0/src/rp2_common/pico_runtime/runtime.c.obj
                0x10001020                hard_assertion_failure
 .text.runtime_run_initializers
                0x1000102c       0x28 CMakeFiles/PICO_UART.dir/C_/Users/Prince_Jha/.pico-sdk/sdk/2.3.0/src/rp2_common/pico_runtime/runtime.c.obj
                0x1000102c                runtime_run_initializers
 .text.runtime_init_early_resets
                0x10001054       0x2c CMakeFiles/PICO_UART.dir/C_/Users/Prince_Jha/.pico-sdk/sdk/2.3.0/src/rp2_common/pico_runtime_init/runtime_init.c.obj
                0x10001054                runtime_init_early_resets
 .text.runtime_init_usb_power_down
                0x10001080       0x1c CMakeFiles/PICO_UART.dir/C_/Users/Prince_Jha/.pico-sdk/sdk/2.3.0/src/rp2_common/pico_runtime_init/runtime_init.c.obj
                0x10001080                runtime_init_usb_power_down
 .text.runtime_init_post_clock_resets
                0x1000109c       0x20 CMakeFiles/PICO_UART.dir/C_/Users/Prince_Jha/.pico-sdk/sdk/2.3.0/src/rp2_common/pico_runtime_init/runtime_init.c.obj
                0x1000109c                runtime_init_post_clock_resets
 .text.runtime_init_rp2040_gpio_ie_disable
                0x100010bc       0x14 CMakeFiles/PICO_UART.dir/C_/Users/Prince_Jha/.pico-sdk/sdk/2.3.0/src/rp2_common/pico_runtime_init/runtime_init.c.obj
                0x100010bc                runtime_init_rp2040_gpio_ie_disable
 .text.runtime_init_spin_locks_reset
                0x100010d0        0x8 CMakeFiles/PICO_UART.dir/C_/Users/Prince_Jha/.pico-sdk/sdk/2.3.0/src/rp2_common/pico_runtime_init/runtime_init.c.obj
                0x100010d0                runtime_init_spin_locks_reset
 .text.runtime_init_install_ram_vector_table
                0x100010d8       0xb4 CMakeFiles/PICO_UART.dir/C_/Users/Prince_Jha/.pico-sdk/sdk/2.3.0/src/rp2_common/pico_runtime_init/runtime_init.c.obj
                0x100010d8                runtime_init_install_ram_vector_table
 .text.runtime_init_clocks
                0x1000118c       0xd8 CMakeFiles/PICO_UART.dir/C_/Users/Prince_Jha/.pico-sdk/sdk/2.3.0/src/rp2_common/pico_runtime_init/runtime_init_clocks.c.obj
                0x1000118c                runtime_init_clocks
 .text          0x10001264       0x10 CMakeFiles/PICO_UART.dir/C_/Users/Prince_Jha/.pico-sdk/sdk/2.3.0/src/rp2_common/pico_bit_ops/bit_ops_aeabi.S.obj
 .text.__wrap___aeabi_uidiv
                0x10001274       0x4c CMakeFiles/PICO_UART.dir/C_/Users/Prince_Jha/.pico-sdk/sdk/2.3.0/src/rp2_common/pico_divider/divider_hardware.S.obj
                0x10001274                __wrap___aeabi_uidivmod
                0x10001274                div_u32u32
                0x10001274                divmod_u32u32
                0x10001274                __wrap___aeabi_uidiv
                0x100012a4                divmod_u32u32_savestate
 .text.__aeabi_double_init
                0x100012c0       0xa4 CMakeFiles/PICO_UART.dir/C_/Users/Prince_Jha/.pico-sdk/sdk/2.3.0/src/rp2_common/pico_double/double_init_rom_rp2040.c.obj
                0x100012c0                __aeabi_double_init
 .text.double_table_shim_on_use_helper
                0x10001364       0x2c CMakeFiles/PICO_UART.dir/C_/Users/Prince_Jha/.pico-sdk/sdk/2.3.0/src/rp2_common/pico_double/double_v1_rom_shim_rp2040.S.obj
                0x10001364                double_table_shim_on_use_helper
 .text.__aeabi_float_init
                0x10001390       0x68 CMakeFiles/PICO_UART.dir/C_/Users/Prince_Jha/.pico-sdk/sdk/2.3.0/src/rp2_common/pico_float/float_init_rom_rp2040.c.obj
                0x10001390                __aeabi_float_init
 .text.float_table_shim_on_use_helper
                0x100013f8       0x2c CMakeFiles/PICO_UART.dir/C_/Users/Prince_Jha/.pico-sdk/sdk/2.3.0/src/rp2_common/pico_float/float_v1_rom_shim_rp2040.S.obj
                0x100013f8                float_table_shim_on_use_helper
 .text          0x10001424       0x10 CMakeFiles/PICO_UART.dir/C_/Users/Prince_Jha/.pico-sdk/sdk/2.3.0/src/rp2_common/pico_mem_ops/mem_ops_aeabi.S.obj
                0x10001424                __aeabi_mem_init
 .text.memcpy   0x10001434        0xc CMakeFiles/PICO_UART.dir/C_/Users/Prince_Jha/.pico-sdk/sdk/2.3.0/src/rp2_common/pico_mem_ops/mem_ops_aeabi.S.obj
                0x10001434                __wrap_memcpy
                0x10001434                __wrap___aeabi_memcpy
 .text._out_char
                0x10001440       0x10 CMakeFiles/PICO_UART.dir/C_/Users/Prince_Jha/.pico-sdk/sdk/2.3.0/src/rp2_common/pico_printf/printf.c.obj
 .text.weak_raw_vprintf
                0x10001450       0x30 CMakeFiles/PICO_UART.dir/C_/Users/Prince_Jha/.pico-sdk/sdk/2.3.0/src/rp2_common/pico_printf/printf.c.obj
                0x10001450                weak_raw_vprintf
 .text._exit    0x10001480        0x4 CMakeFiles/PICO_UART.dir/C_/Users/Prince_Jha/.pico-sdk/sdk/2.3.0/src/rp2_common/pico_clib_interface/newlib_interface.c.obj
                0x10001480                _exit
 .text._fini    0x10001484        0x4 CMakeFiles/PICO_UART.dir/C_/Users/Prince_Jha/.pico-sdk/sdk/2.3.0/src/rp2_common/pico_clib_interface/newlib_interface.c.obj
                0x10001484                _fini
 .text.exit     0x10001488        0x8 CMakeFiles/PICO_UART.dir/C_/Users/Prince_Jha/.pico-sdk/sdk/2.3.0/src/rp2_common/pico_clib_interface/newlib_interface.c.obj
                0x10001488                exit
 .text.runtime_init
                0x10001490       0x2c CMakeFiles/PICO_UART.dir/C_/Users/Prince_Jha/.pico-sdk/sdk/2.3.0/src/rp2_common/pico_clib_interface/newlib_interface.c.obj
                0x10001490                runtime_init
 .text.stdio_out_chars_no_crlf
                0x100014bc       0x10 CMakeFiles/PICO_UART.dir/C_/Users/Prince_Jha/.pico-sdk/sdk/2.3.0/src/rp2_common/pico_stdio/stdio.c.obj
 .text.stdio_out_chars_crlf
                0x100014cc       0x90 CMakeFiles/PICO_UART.dir/C_/Users/Prince_Jha/.pico-sdk/sdk/2.3.0/src/rp2_common/pico_stdio/stdio.c.obj
 .text.stdio_put_string
                0x1000155c       0xf4 CMakeFiles/PICO_UART.dir/C_/Users/Prince_Jha/.pico-sdk/sdk/2.3.0/src/rp2_common/pico_stdio/stdio.c.obj
                0x1000155c                stdio_put_string
 .text.__wrap_putchar
                0x10001650       0x94 CMakeFiles/PICO_UART.dir/C_/Users/Prince_Jha/.pico-sdk/sdk/2.3.0/src/rp2_common/pico_stdio/stdio.c.obj
                0x10001650                __wrap_putchar
                0x10001650                stdio_putchar
 .text.__wrap_puts
                0x100016e4       0x3c CMakeFiles/PICO_UART.dir/C_/Users/Prince_Jha/.pico-sdk/sdk/2.3.0/src/rp2_common/pico_stdio/stdio.c.obj
                0x100016e4                stdio_puts
                0x100016e4                __wrap_puts
 .text.strlen   0x10001720       0x60 C:/Users/Prince Jha/.pico-sdk/toolchain/15_2_Rel1/bin/../lib/gcc/arm-none-eabi/15.2.1/../../../../arm-none-eabi/lib/thumb/v6-m/nofp\libg.a(libc_a-strlen-stub.o)
                0x10001720                strlen
 .text.strlen.__stub
                0x10001780       0x30 linker stubs
 *(.fini)
 *crtbegin.o(.ctors)
 *crtbegin?.o(.ctors)
 *(EXCLUDE_FILE(*crtend.o *crtend?.o) .ctors)
 *(SORT_BY_NAME(.ctors.*))
 *(.ctors)
 *crtbegin.o(.dtors)
 *crtbegin?.o(.dtors)
 *(EXCLUDE_FILE(*crtend.o *crtend?.o) .dtors)
 *(SORT_BY_NAME(.dtors.*))
 *(.dtors)
                0x100017b0                        . = ALIGN (0x4)
                [!provide]                        PROVIDE (__bothinit_array_start = .)
                0x100017b0                        PROVIDE (__preinit_array_start = .)
 *(SORT_BY_NAME(.preinit_array.*))
 .preinit_array.00100
                0x100017b0        0x4 CMakeFiles/PICO_UART.dir/C_/Users/Prince_Jha/.pico-sdk/sdk/2.3.0/src/rp2_common/pico_runtime_init/runtime_init.c.obj
                0x100017b0                __pre_init_runtime_init_early_resets
 .preinit_array.00101
                0x100017b4        0x4 CMakeFiles/PICO_UART.dir/C_/Users/Prince_Jha/.pico-sdk/sdk/2.3.0/src/rp2_common/pico_runtime_init/runtime_init.c.obj
                0x100017b4                __pre_init_runtime_init_usb_power_down
 .preinit_array.00275
                0x100017b8        0x4 CMakeFiles/PICO_UART.dir/C_/Users/Prince_Jha/.pico-sdk/sdk/2.3.0/src/rp2_common/pico_bit_ops/bit_ops_aeabi.S.obj
 .preinit_array.00300
                0x100017bc        0x4 CMakeFiles/PICO_UART.dir/C_/Users/Prince_Jha/.pico-sdk/sdk/2.3.0/src/rp2_common/pico_mem_ops/mem_ops_aeabi.S.obj
 .preinit_array.00350
                0x100017c0        0x4 CMakeFiles/PICO_UART.dir/C_/Users/Prince_Jha/.pico-sdk/sdk/2.3.0/src/rp2_common/pico_double/double_aeabi_rp2040.S.obj
 .preinit_array.00350
                0x100017c4        0x4 CMakeFiles/PICO_UART.dir/C_/Users/Prince_Jha/.pico-sdk/sdk/2.3.0/src/rp2_common/pico_float/float_aeabi_rp2040.S.obj
 .preinit_array.00500
                0x100017c8        0x4 CMakeFiles/PICO_UART.dir/C_/Users/Prince_Jha/.pico-sdk/sdk/2.3.0/src/rp2_common/pico_runtime_init/runtime_init.c.obj
                0x100017c8                __pre_init_runtime_init_clocks
 .preinit_array.00600
                0x100017cc        0x4 CMakeFiles/PICO_UART.dir/C_/Users/Prince_Jha/.pico-sdk/sdk/2.3.0/src/rp2_common/pico_runtime_init/runtime_init.c.obj
                0x100017cc                __pre_init_runtime_init_post_clock_resets
 .preinit_array.00700
                0x100017d0        0x4 CMakeFiles/PICO_UART.dir/C_/Users/Prince_Jha/.pico-sdk/sdk/2.3.0/src/rp2_common/pico_runtime_init/runtime_init.c.obj
                0x100017d0                __pre_init_runtime_init_rp2040_gpio_ie_disable
 .preinit_array.01000
                0x100017d4        0x4 CMakeFiles/PICO_UART.dir/C_/Users/Prince_Jha/.pico-sdk/sdk/2.3.0/src/rp2_common/pico_runtime_init/runtime_init.c.obj
                0x100017d4                __pre_init_runtime_init_spin_locks_reset
 .preinit_array.01100
                0x100017d8        0x4 CMakeFiles/PICO_UART.dir/C_/Users/Prince_Jha/.pico-sdk/sdk/2.3.0/src/common/pico_sync/mutex.c.obj
                0x100017d8                __pre_init_runtime_init_mutex
 .preinit_array.10080
                0x100017dc        0x4 CMakeFiles/PICO_UART.dir/C_/Users/Prince_Jha/.pico-sdk/sdk/2.3.0/src/rp2_common/pico_runtime_init/runtime_init.c.obj
                0x100017dc                __pre_init_runtime_init_install_ram_vector_table
 .preinit_array.11000
                0x100017e0        0x4 CMakeFiles/PICO_UART.dir/C_/Users/Prince_Jha/.pico-sdk/sdk/2.3.0/src/common/pico_time/time.c.obj
                0x100017e0                __pre_init_runtime_init_default_alarm_pool
 .preinit_array.YYYYY
                0x100017e4        0x4 CMakeFiles/PICO_UART.dir/C_/Users/Prince_Jha/.pico-sdk/sdk/2.3.0/src/rp2_common/pico_runtime/runtime.c.obj
                0x100017e4                __pre_init_first_per_core_initializer
 .preinit_array.ZZZZZ.01200
                0x100017e8        0x4 CMakeFiles/PICO_UART.dir/C_/Users/Prince_Jha/.pico-sdk/sdk/2.3.0/src/rp2_common/hardware_irq/irq.c.obj
                0x100017e8                __pre_init_runtime_init_per_core_irq_priorities
 *(.preinit_array)
                0x100017ec                        PROVIDE (__preinit_array_end = .)
                0x100017ec                        . = ALIGN (0x4)
                0x100017ec                        PROVIDE (__init_array_start = .)
 *(SORT_BY_NAME(.init_array.*))
 *(.init_array)
                0x100017ec                        PROVIDE (__init_array_end = .)
                [!provide]                        PROVIDE (__bothinit_array_end = .)
                0x100017ec                        . = ALIGN (0x4)
                [!provide]                        PROVIDE (__fini_array_start = .)
 *(SORT_BY_NAME(.fini_array.*))
 *(.fini_array)
                [!provide]                        PROVIDE (__fini_array_end = .)
                [!provide]                        PROVIDE (__dso_handle = 0x0)
 *(.eh_frame*)
                0x100017ec                        . = ALIGN (0x4)

.glue_7         0x100017ec        0x0
 .glue_7        0x100017ec        0x0 linker stubs

.glue_7t        0x100017ec        0x0
 .glue_7t       0x100017ec        0x0 linker stubs

.vfp11_veneer   0x100017ec        0x0
 .vfp11_veneer  0x100017ec        0x0 linker stubs

.v4_bx          0x100017ec        0x0
 .v4_bx         0x100017ec        0x0 linker stubs

.iplt           0x100017ec        0x0
 .iplt          0x100017ec        0x0 CMakeFiles/PICO_UART.dir/PICO_UART.c.obj

.rodata         0x100017ec       0xf0
 *(EXCLUDE_FILE(*libm.a: *lib*_a-mem*.o *libc.a: *libgcc.a:) .rodata*)
 .rodata.main.str1.4
                0x100017ec       0x8c CMakeFiles/PICO_UART.dir/PICO_UART.c.obj
                                  0x6 (size before relaxing)
 .rodata.panic.str1.4
                0x10001878        0x0 CMakeFiles/PICO_UART.dir/C_/Users/Prince_Jha/.pico-sdk/sdk/2.3.0/src/rp2_common/pico_platform_panic/panic.c.obj
                                 0x11 (size before relaxing)
 .rodata.timer_hardware_alarm_claim.str1.4
                0x10001878        0x0 CMakeFiles/PICO_UART.dir/C_/Users/Prince_Jha/.pico-sdk/sdk/2.3.0/src/rp2_common/hardware_timer/timer.c.obj
                                 0x22 (size before relaxing)
 .rodata.hard_assertion_failure.str1.4
                0x10001878        0x0 CMakeFiles/PICO_UART.dir/C_/Users/Prince_Jha/.pico-sdk/sdk/2.3.0/src/rp2_common/pico_runtime/runtime.c.obj
                                  0xc (size before relaxing)
 .rodata.str1.4
                0x10001878        0x0 CMakeFiles/PICO_UART.dir/C_/Users/Prince_Jha/.pico-sdk/sdk/2.3.0/src/rp2_common/pico_standard_binary_info/standard_binary_info.c.obj
                                 0x44 (size before relaxing)
 .rodata.__bi_84
                0x10001878        0xc CMakeFiles/PICO_UART.dir/C_/Users/Prince_Jha/.pico-sdk/sdk/2.3.0/src/rp2_common/pico_standard_binary_info/standard_binary_info.c.obj
 .rodata.__bi_78
                0x10001884        0xc CMakeFiles/PICO_UART.dir/C_/Users/Prince_Jha/.pico-sdk/sdk/2.3.0/src/rp2_common/pico_standard_binary_info/standard_binary_info.c.obj
 .rodata.__bi_60
                0x10001890        0xc CMakeFiles/PICO_UART.dir/C_/Users/Prince_Jha/.pico-sdk/sdk/2.3.0/src/rp2_common/pico_standard_binary_info/standard_binary_info.c.obj
 .rodata.__bi_54
                0x1000189c        0xc CMakeFiles/PICO_UART.dir/C_/Users/Prince_Jha/.pico-sdk/sdk/2.3.0/src/rp2_common/pico_standard_binary_info/standard_binary_info.c.obj
 .rodata.__bi_48
                0x100018a8        0xc CMakeFiles/PICO_UART.dir/C_/Users/Prince_Jha/.pico-sdk/sdk/2.3.0/src/rp2_common/pico_standard_binary_info/standard_binary_info.c.obj
 .rodata.__bi_42
                0x100018b4        0xc CMakeFiles/PICO_UART.dir/C_/Users/Prince_Jha/.pico-sdk/sdk/2.3.0/src/rp2_common/pico_standard_binary_info/standard_binary_info.c.obj
 .rodata.__bi_34
                0x100018c0        0xc CMakeFiles/PICO_UART.dir/C_/Users/Prince_Jha/.pico-sdk/sdk/2.3.0/src/rp2_common/pico_standard_binary_info/standard_binary_info.c.obj
 .rodata.__bi_26
                0x100018cc        0xc CMakeFiles/PICO_UART.dir/C_/Users/Prince_Jha/.pico-sdk/sdk/2.3.0/src/rp2_common/pico_standard_binary_info/standard_binary_info.c.obj
 .rodata.crlf_str.0
                0x100018d8        0x2 CMakeFiles/PICO_UART.dir/C_/Users/Prince_Jha/.pico-sdk/sdk/2.3.0/src/rp2_common/pico_stdio/stdio.c.obj
 *(.srodata*)
                0x100018dc                        . = ALIGN (0x4)
 *fill*         0x100018da        0x2 
 *(SORT_BY_ALIGNMENT(SORT_BY_NAME(.flashdata*)))
                0x100018dc                        . = ALIGN (0x4)

.ARM.extab
 *(.ARM.extab* .gnu.linkonce.armextab.*)
                0x100018dc                        __exidx_start = .

.ARM.exidx
 *(.ARM.exidx* .gnu.linkonce.armexidx.*)
                0x100018dc                        __exidx_end = .
                0x100018dc                        . = ALIGN (0x4)
                0x100018dc                        __binary_info_start = .

.binary_info    0x100018dc       0x20
 *(.binary_info.keep.*)
 .binary_info.keep.__bi_ptr84
                0x100018dc        0x4 CMakeFiles/PICO_UART.dir/C_/Users/Prince_Jha/.pico-sdk/sdk/2.3.0/src/rp2_common/pico_standard_binary_info/standard_binary_info.c.obj
 .binary_info.keep.__bi_ptr78
                0x100018e0        0x4 CMakeFiles/PICO_UART.dir/C_/Users/Prince_Jha/.pico-sdk/sdk/2.3.0/src/rp2_common/pico_standard_binary_info/standard_binary_info.c.obj
 .binary_info.keep.__bi_ptr60
                0x100018e4        0x4 CMakeFiles/PICO_UART.dir/C_/Users/Prince_Jha/.pico-sdk/sdk/2.3.0/src/rp2_common/pico_standard_binary_info/standard_binary_info.c.obj
 .binary_info.keep.__bi_ptr54
                0x100018e8        0x4 CMakeFiles/PICO_UART.dir/C_/Users/Prince_Jha/.pico-sdk/sdk/2.3.0/src/rp2_common/pico_standard_binary_info/standard_binary_info.c.obj
 .binary_info.keep.__bi_ptr48
                0x100018ec        0x4 CMakeFiles/PICO_UART.dir/C_/Users/Prince_Jha/.pico-sdk/sdk/2.3.0/src/rp2_common/pico_standard_binary_info/standard_binary_info.c.obj
 .binary_info.keep.__bi_ptr42
                0x100018f0        0x4 CMakeFiles/PICO_UART.dir/C_/Users/Prince_Jha/.pico-sdk/sdk/2.3.0/src/rp2_common/pico_standard_binary_info/standard_binary_info.c.obj
 .binary_info.keep.__bi_ptr34
                0x100018f4        0x4 CMakeFiles/PICO_UART.dir/C_/Users/Prince_Jha/.pico-sdk/sdk/2.3.0/src/rp2_common/pico_standard_binary_info/standard_binary_info.c.obj
 .binary_info.keep.__bi_ptr26
                0x100018f8        0x4 CMakeFiles/PICO_UART.dir/C_/Users/Prince_Jha/.pico-sdk/sdk/2.3.0/src/rp2_common/pico_standard_binary_info/standard_binary_info.c.obj
 *(.binary_info.*)
                0x100018fc                        __binary_info_end = .
                0x100018fc                        . = ALIGN (0x4)

.xip_ram        0x15000000        0x0 load address 0x100018fc
                0x15000000                        __xip_ram_start__ = .
                0x15000000                        . = ALIGN (0x4)
 *(.xip_ram*)
                0x15000000                        . = ALIGN (0x4)
                0x15000000                        __xip_ram_end__ = .
                0x100018fc                        __xip_ram_source__ = LOADADDR (.xip_ram)

.ram_vector_table
                0x20000000       0xc0
 *(.ram_vector_table)
 .ram_vector_table
                0x20000000       0xc0 CMakeFiles/PICO_UART.dir/C_/Users/Prince_Jha/.pico-sdk/sdk/2.3.0/src/rp2_common/pico_runtime_init/runtime_init.c.obj
                0x20000000                ram_vector_table

.uninitialized_data
                0x200000c0        0x0
                0x200000c0                        . = ALIGN (0x4)
 *(.uninitialized_data*)

.data           0x200000c0      0x168 load address 0x100018fc
                0x200000c0                        __data_start__ = .
 *(vtable)
 *(.time_critical*)
 .time_critical.mutex_try_enter
                0x200000c0       0x40 CMakeFiles/PICO_UART.dir/C_/Users/Prince_Jha/.pico-sdk/sdk/2.3.0/src/common/pico_sync/mutex.c.obj
                0x200000c0                mutex_try_enter
 .time_critical.mutex_enter_block_until
                0x20000100       0x64 CMakeFiles/PICO_UART.dir/C_/Users/Prince_Jha/.pico-sdk/sdk/2.3.0/src/common/pico_sync/mutex.c.obj
                0x20000100                mutex_enter_block_until
 .time_critical.mutex_try_enter_block_until
                0x20000164       0x34 CMakeFiles/PICO_UART.dir/C_/Users/Prince_Jha/.pico-sdk/sdk/2.3.0/src/common/pico_sync/mutex.c.obj
                0x20000164                mutex_try_enter_block_until
 .time_critical.mutex_exit
                0x20000198       0x28 CMakeFiles/PICO_UART.dir/C_/Users/Prince_Jha/.pico-sdk/sdk/2.3.0/src/common/pico_sync/mutex.c.obj
                0x20000198                mutex_exit
 *(.text*)
 .text          0x200001c0        0x4 C:/Users/Prince Jha/.pico-sdk/toolchain/15_2_Rel1/bin/../lib/gcc/arm-none-eabi/15.2.1/thumb/v6-m/nofp\libgcc.a(_dvmd_tls.o)
                0x200001c0                __aeabi_idiv0
                0x200001c0                __aeabi_ldiv0
 *fill*         0x200001c4        0x4 
 .text.__stub   0x200001c8       0x10 linker stubs
                0x200001d8                        . = ALIGN (0x4)
 *(.rodata*)
                0x200001d8                        . = ALIGN (0x4)
                [!provide]                        PROVIDE (__emutls_array_start = .)
 *(.*.__emutls_v.*)
                [!provide]                        PROVIDE (__emutls_array_end = .)
                0x200001d8                        . = ALIGN (0x4)
 *(.data*)
 .data.striped_spin_lock_num
                0x200001d8        0x1 CMakeFiles/PICO_UART.dir/C_/Users/Prince_Jha/.pico-sdk/sdk/2.3.0/src/rp2_common/hardware_sync/sync.c.obj
 *fill*         0x200001d9        0x7 
 .data.last_added.0
                0x200001e0        0x8 CMakeFiles/PICO_UART.dir/C_/Users/Prince_Jha/.pico-sdk/sdk/2.3.0/src/common/pico_time/time.c.obj
 .data.default_alarm_pool
                0x200001e8       0x18 CMakeFiles/PICO_UART.dir/C_/Users/Prince_Jha/.pico-sdk/sdk/2.3.0/src/common/pico_time/time.c.obj
 *fill*         0x20000200        0x0 
 .data.aeabi_bits_funcs
                0x20000200       0x10 CMakeFiles/PICO_UART.dir/C_/Users/Prince_Jha/.pico-sdk/sdk/2.3.0/src/rp2_common/pico_bit_ops/bit_ops_aeabi.S.obj
                0x20000200                aeabi_bits_funcs
                0x20000210                aeabi_bits_funcs_end
 .data.aeabi_mem_funcs
                0x20000210       0x10 CMakeFiles/PICO_UART.dir/C_/Users/Prince_Jha/.pico-sdk/sdk/2.3.0/src/rp2_common/pico_mem_ops/mem_ops_aeabi.S.obj
                0x20000210                aeabi_mem_funcs
                0x20000220                aeabi_mem_funcs_end
 *(.sdata*)
                0x20000220                        . = ALIGN (0x4)
 *(.after_data.*)
                0x20000220                        . = ALIGN (0x4)
                0x20000220                        PROVIDE (__mutex_array_start = .)
 *(SORT_BY_NAME(.mutex_array.*))
 *(.mutex_array)
 .mutex_array   0x20000220        0x8 CMakeFiles/PICO_UART.dir/C_/Users/Prince_Jha/.pico-sdk/sdk/2.3.0/src/rp2_common/pico_stdio/stdio.c.obj
                0x20000228                        PROVIDE (__mutex_array_end = .)
 *(.jcr)
                0x20000228                        . = ALIGN (0x4)

.igot.plt       0x20000228        0x0 load address 0x10001a64
 .igot.plt      0x20000228        0x0 CMakeFiles/PICO_UART.dir/PICO_UART.c.obj

.tdata          0x20000228        0x0 load address 0x10001a64
                0x20000228                        . = ALIGN (0x4)
 *(.tdata .tdata.* .gnu.linkonce.td.*)
                0x20000228                        __tdata_end = .
                0x20000228                        PROVIDE (__data_end__ = .)
                0x100018fc                        __etext = LOADADDR (.data)
                0x20000228                        . = ALIGN (0x4)

.tbss           0x20000228        0x0 load address 0x10001a64
                0x20000228                        __bss_start__ = .
                0x20000228                        __tls_base = .
 *(.tbss .tbss.* .gnu.linkonce.tb.*)
 *(.tcommon)
                0x20000228                        . = ALIGN (0x4)
                0x20000228                        __tls_end = .

.tbss_space     0x20000228        0x0 load address 0x10001a64
                0x20000228                        . = (__bss_start__ + SIZEOF (.tbss))

.bss            0x20000228      0x3e8 load address 0x10001a64
                0x20000228                        . = ALIGN (0x4)
                0x20000228                        __tbss_end = .
 *(SORT_BY_ALIGNMENT(SORT_BY_NAME(.bss*)))
 .bss.default_alarm_pool_entries
                0x20000228      0x180 CMakeFiles/PICO_UART.dir/C_/Users/Prince_Jha/.pico-sdk/sdk/2.3.0/src/common/pico_time/time.c.obj
 .bss.sd_table  0x200003a8      0x100 CMakeFiles/PICO_UART.dir/C_/Users/Prince_Jha/.pico-sdk/sdk/2.3.0/src/rp2_common/pico_double/double_init_rom_rp2040.c.obj
                0x200003a8                sd_table
 .bss.sf_table  0x200004a8      0x100 CMakeFiles/PICO_UART.dir/C_/Users/Prince_Jha/.pico-sdk/sdk/2.3.0/src/rp2_common/pico_float/float_init_rom_rp2040.c.obj
                0x200004a8                sf_table
 .bss.claimed   0x200005a8        0x1 CMakeFiles/PICO_UART.dir/C_/Users/Prince_Jha/.pico-sdk/sdk/2.3.0/src/rp2_common/hardware_timer/timer.c.obj
 *fill*         0x200005a9        0x3 
 .bss.configured_freq
                0x200005ac       0x28 CMakeFiles/PICO_UART.dir/C_/Users/Prince_Jha/.pico-sdk/sdk/2.3.0/src/rp2_common/hardware_clocks/clocks.c.obj
 .bss.drivers   0x200005d4        0x4 CMakeFiles/PICO_UART.dir/C_/Users/Prince_Jha/.pico-sdk/sdk/2.3.0/src/rp2_common/pico_stdio/stdio.c.obj
 .bss.filter    0x200005d8        0x4 CMakeFiles/PICO_UART.dir/C_/Users/Prince_Jha/.pico-sdk/sdk/2.3.0/src/rp2_common/pico_stdio/stdio.c.obj
 .bss.index.0   0x200005dc        0x4 CMakeFiles/PICO_UART.dir/PICO_UART.c.obj
 .bss.lazy_vsnprintf
                0x200005e0        0x4 CMakeFiles/PICO_UART.dir/C_/Users/Prince_Jha/.pico-sdk/sdk/2.3.0/src/rp2_common/pico_printf/printf.c.obj
 .bss.pools     0x200005e4       0x10 CMakeFiles/PICO_UART.dir/C_/Users/Prince_Jha/.pico-sdk/sdk/2.3.0/src/common/pico_time/time.c.obj
 .bss.sf_clz_func
                0x200005f4        0x4 CMakeFiles/PICO_UART.dir/C_/Users/Prince_Jha/.pico-sdk/sdk/2.3.0/src/rp2_common/pico_double/double_init_rom_rp2040.c.obj
                0x200005f4                sf_clz_func
 .bss.sleep_notifier
                0x200005f8        0x4 CMakeFiles/PICO_UART.dir/C_/Users/Prince_Jha/.pico-sdk/sdk/2.3.0/src/common/pico_time/time.c.obj
 .bss.uart1_rx_buffer
                0x200005fc       0x12 CMakeFiles/PICO_UART.dir/PICO_UART.c.obj
                0x200005fc                uart1_rx_buffer
 *(COMMON)
                [!provide]                        PROVIDE (__global_pointer$ = (. + 0x800))
 *(.sbss*)
                0x20000610                        . = ALIGN (0x4)
 *fill*         0x2000060e        0x2 
                0x20000610                        __bss_end__ = .
                [!provide]                        PROVIDE (__tls_start = SIZEOF (.tdata)?ADDR (.tdata):ADDR (.tbss))
                [!provide]                        PROVIDE (__tls_size = (__tls_end - __tls_start))
                0x00000001                        PROVIDE (__tls_align = MAX (ALIGNOF (.tdata), ALIGNOF (.tbss)))
                [!provide]                        PROVIDE (__tls_size_align = ALIGN (__tls_size, __tls_align))
                0x00000008                        PROVIDE (__arm32_tls_tcb_offset = MAX (0x8, __tls_align))
                0x00000000                        PROVIDE (__tdata_size = SIZEOF (.tdata))
                0x10001a64                        PROVIDE (__tdata_source = LOADADDR (.tdata))
                0x00000000                        PROVIDE (__tbss_size = SIZEOF (.tbss))
                [!provide]                        PROVIDE (__tbss_offset = (ADDR (.tbss) - __tls_start))

.tlsX_not_needed_marker
 *(.tlsX_not_needed_marker)
                [!provide]                        PROVIDE (__tlsX_align = (SIZEOF (.tlsX_not_needed_marker) > 0x0)?0x4:__tls_align)
                [!provide]                        PROVIDE (__tlsX_size_align = (SIZEOF (.tlsX_not_needed_marker) > 0x0)?0x0:__tls_size_align)
                0x20000228                        __tls_start = DEFINED (__tls_start)?__tls_start:SIZEOF (.tdata)?ADDR (.tdata):ADDR (.tbss)
                0x00000000                        __tls_size = DEFINED (__tls_size)?__tls_size:(__tls_end - __tls_start)
                0x00000001                        __tls_align = DEFINED (__tls_align)?__tls_align:MAX (ALIGNOF (.tdata), ALIGNOF (.tbss))
                0x00000000                        __tls_size_align = DEFINED (__tls_size_align)?__tls_size_align:ALIGN (__tls_size, __tls_align)
                0x00000008                        __arm32_tls_tcb_offset = DEFINED (__arm32_tls_tcb_offset)?__arm32_tls_tcb_offset:MAX (0x8, __tls_align)
                0x00000000                        __tdata_size = DEFINED (__tdata_size)?__tdata_size:SIZEOF (.tdata)
                0x10001a64                        __tdata_source = DEFINED (__tdata_source)?__tdata_source:LOADADDR (.tdata)
                0x00000000                        __tbss_size = DEFINED (__tbss_size)?__tbss_size:SIZEOF (.tbss)
                0x00000000                        __tbss_offset = DEFINED (__tbss_offset)?__tbss_offset:(ADDR (.tbss) - __tls_start)
                0x00000001                        __tlsX_align = DEFINED (__tlsX_align)?__tlsX_align:(SIZEOF (.tlsX_not_needed_marker) > 0x0)?0x4:__tls_align
                0x00000000                        __tlsX_size_align = DEFINED (__tlsX_size_align)?__tlsX_size_align:(SIZEOF (.tlsX_not_needed_marker) > 0x0)?0x0:__tls_size_align

.tls0           0x20000610        0x0 load address 0x10001a64
                0x20000610                        . = ALIGN (__tlsX_align)
                0x20000610                        PROVIDE (__tls0_base = .)
                0x20000610                        . = (. + __tlsX_size_align)

.tls1           0x20000610        0x0 load address 0x10001a64
                0x20000610                        . = ALIGN (__tlsX_align)
                0x20000610                        PROVIDE (__tls1_base = .)
                0x20000610                        . = (. + __tlsX_size_align)

.persistent_data
                0x20000610        0x0 load address 0x10001a64
                0x20000610                        __persistent_data_start__ = .
 *(.persistent_data*)
                0x20000610                        . = ALIGN (0x4)
                [!provide]                        PROVIDE (__persistent_data_end__ = .)

.dummy_pre_heap
                0x20000610        0x0 load address 0x10001a64
                0x20000610                        . = .

.heap           0x20000610      0x800
                0x20000610                        __end__ = .
                0x20000610                        end = __end__
 *(.heap*)
 .heap          0x20000610      0x800 CMakeFiles/PICO_UART.dir/C_/Users/Prince_Jha/.pico-sdk/sdk/2.3.0/src/rp2_common/pico_crt0/crt0.S.obj
                0x20040000                        __HeapLimit = DEFINED (HEAP_LIMIT)?HEAP_LIMIT:(ORIGIN (RAM) + LENGTH (RAM))

.scratch_x      0x20040000        0x0 load address 0x10001a64
                0x20040000                        __scratch_x_start__ = .
 *(.scratch_x.*)
                0x20040000                        . = ALIGN (0x4)
                0x20040000                        __scratch_x_end__ = .
                0x10001a64                        __scratch_x_source__ = LOADADDR (.scratch_x)

.scratch_y      0x20041000        0x0 load address 0x10001a64
                0x20041000                        __scratch_y_start__ = .
 *(.scratch_y.*)
                0x20041000                        . = ALIGN (0x4)
                0x20041000                        __scratch_y_end__ = .
                0x10001a64                        __scratch_y_source__ = LOADADDR (.scratch_y)

.stack1_dummy
 *(.stack1*)

.stack_dummy    0x20041000      0x800
 *(.stack*)
 .stack         0x20041000      0x800 CMakeFiles/PICO_UART.dir/C_/Users/Prince_Jha/.pico-sdk/sdk/2.3.0/src/rp2_common/pico_crt0/crt0.S.obj

.rel.dyn        0x20041800        0x0
 .rel.iplt      0x20041800        0x0 CMakeFiles/PICO_UART.dir/PICO_UART.c.obj

.flash_end      0x10001a64        0x0
 *(.embedded_end_block*)
                0x10001a64                        PROVIDE (__flash_binary_end = .)
                0x20040000                        __StackLimit = (ORIGIN (RAM) + LENGTH (RAM))
                0x20041000                        __StackOneTop = (ORIGIN (SCRATCH_X) + LENGTH (SCRATCH_X))
                0x20042000                        __StackTop = (ORIGIN (SCRATCH_Y) + LENGTH (SCRATCH_Y))
                0x20041000                        __StackOneBottom = (__StackOneTop - SIZEOF (.stack1_dummy))
                0x20041800                        __StackBottom = (__StackTop - SIZEOF (.stack_dummy))
                [!provide]                        PROVIDE (__stack = __StackTop)
                [!provide]                        PROVIDE (__heap_start = __end__)
                [!provide]                        PROVIDE (__heap_end = __HeapLimit)
                0x00000001                        PROVIDE (__tls_align = MAX (ALIGNOF (.tdata), ALIGNOF (.tbss)))
                [!provide]                        PROVIDE (__tls_size_align = (((__tls_size + __tls_align) - 0x1) & ~ ((__tls_align - 0x1))))
                0x00000008                        PROVIDE (__arm32_tls_tcb_offset = MAX (0x8, __tls_align))
                [!provide]                        PROVIDE (_end = __end__)
                [!provide]                        PROVIDE (__llvm_libc_heap_limit = __HeapLimit)
                0x00000001                        ASSERT ((__StackLimit >= __HeapLimit), region RAM overflowed)
                0x00000001                        ASSERT (((__binary_info_header_end - __logical_binary_start) <= 0x100), Binary info must be in first 256 bytes of the binary)
OUTPUT(PICO_UART.elf elf32-littlearm)
LOAD linker stubs

.debug_info     0x00000000    0x17580
 .debug_info    0x00000000      0x7a5 CMakeFiles/PICO_UART.dir/PICO_UART.c.obj
 .debug_info    0x000007a5      0x1bf CMakeFiles/PICO_UART.dir/C_/Users/Prince_Jha/.pico-sdk/sdk/2.3.0/src/rp2_common/pico_platform_panic/panic.c.obj
 .debug_info    0x00000964      0x985 CMakeFiles/PICO_UART.dir/C_/Users/Prince_Jha/.pico-sdk/sdk/2.3.0/src/common/hardware_claim/claim.c.obj
 .debug_info    0x000012e9      0x45b CMakeFiles/PICO_UART.dir/C_/Users/Prince_Jha/.pico-sdk/sdk/2.3.0/src/rp2_common/hardware_sync/sync.c.obj
 .debug_info    0x00001744      0x243 CMakeFiles/PICO_UART.dir/C_/Users/Prince_Jha/.pico-sdk/sdk/2.3.0/src/rp2_common/hardware_sync_spin_lock/sync_spin_lock.c.obj
 .debug_info    0x00001987     0x224a CMakeFiles/PICO_UART.dir/C_/Users/Prince_Jha/.pico-sdk/sdk/2.3.0/src/rp2_common/hardware_irq/irq.c.obj
 .debug_info    0x00003bd1      0x161 CMakeFiles/PICO_UART.dir/C_/Users/Prince_Jha/.pico-sdk/sdk/2.3.0/src/common/pico_sync/lock_core.c.obj
 .debug_info    0x00003d32     0x1b8e CMakeFiles/PICO_UART.dir/C_/Users/Prince_Jha/.pico-sdk/sdk/2.3.0/src/common/pico_sync/mutex.c.obj
 .debug_info    0x000058c0     0x4f7c CMakeFiles/PICO_UART.dir/C_/Users/Prince_Jha/.pico-sdk/sdk/2.3.0/src/common/pico_time/time.c.obj
 .debug_info    0x0000a83c     0x2aa2 CMakeFiles/PICO_UART.dir/C_/Users/Prince_Jha/.pico-sdk/sdk/2.3.0/src/rp2_common/hardware_timer/timer.c.obj
 .debug_info    0x0000d2de     0x2e96 CMakeFiles/PICO_UART.dir/C_/Users/Prince_Jha/.pico-sdk/sdk/2.3.0/src/rp2_common/hardware_clocks/clocks.c.obj
 .debug_info    0x00010174      0x4fc CMakeFiles/PICO_UART.dir/C_/Users/Prince_Jha/.pico-sdk/sdk/2.3.0/src/rp2_common/hardware_pll/pll.c.obj
 .debug_info    0x00010670      0x248 CMakeFiles/PICO_UART.dir/C_/Users/Prince_Jha/.pico-sdk/sdk/2.3.0/src/rp2_common/hardware_ticks/ticks.c.obj
 .debug_info    0x000108b8      0x65a CMakeFiles/PICO_UART.dir/C_/Users/Prince_Jha/.pico-sdk/sdk/2.3.0/src/rp2_common/pico_bootrom/bootrom.c.obj
 .debug_info    0x00010f12      0x1d0 CMakeFiles/PICO_UART.dir/C_/Users/Prince_Jha/.pico-sdk/sdk/2.3.0/src/rp2_common/hardware_xosc/xosc.c.obj
 .debug_info    0x000110e2      0x206 CMakeFiles/PICO_UART.dir/C_/Users/Prince_Jha/.pico-sdk/sdk/2.3.0/src/rp2_common/pico_runtime/runtime.c.obj
 .debug_info    0x000112e8      0x7ea CMakeFiles/PICO_UART.dir/C_/Users/Prince_Jha/.pico-sdk/sdk/2.3.0/src/rp2_common/pico_runtime_init/runtime_init.c.obj
 .debug_info    0x00011ad2      0x781 CMakeFiles/PICO_UART.dir/C_/Users/Prince_Jha/.pico-sdk/sdk/2.3.0/src/rp2_common/pico_runtime_init/runtime_init_clocks.c.obj
 .debug_info    0x00012253       0x23 CMakeFiles/PICO_UART.dir/C_/Users/Prince_Jha/.pico-sdk/sdk/2.3.0/src/rp2_common/pico_bit_ops/bit_ops_aeabi.S.obj
 .debug_info    0x00012276       0x23 CMakeFiles/PICO_UART.dir/C_/Users/Prince_Jha/.pico-sdk/sdk/2.3.0/src/rp2_common/pico_divider/divider_hardware.S.obj
 .debug_info    0x00012299       0x23 CMakeFiles/PICO_UART.dir/C_/Users/Prince_Jha/.pico-sdk/sdk/2.3.0/src/rp2_common/pico_double/double_aeabi_rp2040.S.obj
 .debug_info    0x000122bc      0x28c CMakeFiles/PICO_UART.dir/C_/Users/Prince_Jha/.pico-sdk/sdk/2.3.0/src/rp2_common/pico_double/double_init_rom_rp2040.c.obj
 .debug_info    0x00012548       0x23 CMakeFiles/PICO_UART.dir/C_/Users/Prince_Jha/.pico-sdk/sdk/2.3.0/src/rp2_common/pico_double/double_v1_rom_shim_rp2040.S.obj
 .debug_info    0x0001256b       0x23 CMakeFiles/PICO_UART.dir/C_/Users/Prince_Jha/.pico-sdk/sdk/2.3.0/src/rp2_common/pico_float/float_aeabi_rp2040.S.obj
 .debug_info    0x0001258e      0x28c CMakeFiles/PICO_UART.dir/C_/Users/Prince_Jha/.pico-sdk/sdk/2.3.0/src/rp2_common/pico_float/float_init_rom_rp2040.c.obj
 .debug_info    0x0001281a       0x23 CMakeFiles/PICO_UART.dir/C_/Users/Prince_Jha/.pico-sdk/sdk/2.3.0/src/rp2_common/pico_float/float_v1_rom_shim_rp2040.S.obj
 .debug_info    0x0001283d       0x23 CMakeFiles/PICO_UART.dir/C_/Users/Prince_Jha/.pico-sdk/sdk/2.3.0/src/rp2_common/pico_mem_ops/mem_ops_aeabi.S.obj
 .debug_info    0x00012860      0x2d6 CMakeFiles/PICO_UART.dir/C_/Users/Prince_Jha/.pico-sdk/sdk/2.3.0/src/rp2_common/pico_standard_binary_info/standard_binary_info.c.obj
 .debug_info    0x00012b36     0x2307 CMakeFiles/PICO_UART.dir/C_/Users/Prince_Jha/.pico-sdk/sdk/2.3.0/src/rp2_common/pico_printf/printf.c.obj
 .debug_info    0x00014e3d       0x23 CMakeFiles/PICO_UART.dir/C_/Users/Prince_Jha/.pico-sdk/sdk/2.3.0/src/rp2_common/pico_crt0/crt0.S.obj
 .debug_info    0x00014e60      0xbb5 CMakeFiles/PICO_UART.dir/C_/Users/Prince_Jha/.pico-sdk/sdk/2.3.0/src/rp2_common/pico_clib_interface/newlib_interface.c.obj
 .debug_info    0x00015a15     0x1b6b CMakeFiles/PICO_UART.dir/C_/Users/Prince_Jha/.pico-sdk/sdk/2.3.0/src/rp2_common/pico_stdio/stdio.c.obj

.debug_abbrev   0x00000000     0x45e4
 .debug_abbrev  0x00000000      0x2ca CMakeFiles/PICO_UART.dir/PICO_UART.c.obj
 .debug_abbrev  0x000002ca      0x12b CMakeFiles/PICO_UART.dir/C_/Users/Prince_Jha/.pico-sdk/sdk/2.3.0/src/rp2_common/pico_platform_panic/panic.c.obj
 .debug_abbrev  0x000003f5      0x322 CMakeFiles/PICO_UART.dir/C_/Users/Prince_Jha/.pico-sdk/sdk/2.3.0/src/common/hardware_claim/claim.c.obj
 .debug_abbrev  0x00000717      0x212 CMakeFiles/PICO_UART.dir/C_/Users/Prince_Jha/.pico-sdk/sdk/2.3.0/src/rp2_common/hardware_sync/sync.c.obj
 .debug_abbrev  0x00000929      0x1ae CMakeFiles/PICO_UART.dir/C_/Users/Prince_Jha/.pico-sdk/sdk/2.3.0/src/rp2_common/hardware_sync_spin_lock/sync_spin_lock.c.obj
 .debug_abbrev  0x00000ad7      0x602 CMakeFiles/PICO_UART.dir/C_/Users/Prince_Jha/.pico-sdk/sdk/2.3.0/src/rp2_common/hardware_irq/irq.c.obj
 .debug_abbrev  0x000010d9       0xee CMakeFiles/PICO_UART.dir/C_/Users/Prince_Jha/.pico-sdk/sdk/2.3.0/src/common/pico_sync/lock_core.c.obj
 .debug_abbrev  0x000011c7      0x453 CMakeFiles/PICO_UART.dir/C_/Users/Prince_Jha/.pico-sdk/sdk/2.3.0/src/common/pico_sync/mutex.c.obj
 .debug_abbrev  0x0000161a      0x67d CMakeFiles/PICO_UART.dir/C_/Users/Prince_Jha/.pico-sdk/sdk/2.3.0/src/common/pico_time/time.c.obj
 .debug_abbrev  0x00001c97      0x4f5 CMakeFiles/PICO_UART.dir/C_/Users/Prince_Jha/.pico-sdk/sdk/2.3.0/src/rp2_common/hardware_timer/timer.c.obj
 .debug_abbrev  0x0000218c      0x56e CMakeFiles/PICO_UART.dir/C_/Users/Prince_Jha/.pico-sdk/sdk/2.3.0/src/rp2_common/hardware_clocks/clocks.c.obj
 .debug_abbrev  0x000026fa      0x1d6 CMakeFiles/PICO_UART.dir/C_/Users/Prince_Jha/.pico-sdk/sdk/2.3.0/src/rp2_common/hardware_pll/pll.c.obj
 .debug_abbrev  0x000028d0      0x145 CMakeFiles/PICO_UART.dir/C_/Users/Prince_Jha/.pico-sdk/sdk/2.3.0/src/rp2_common/hardware_ticks/ticks.c.obj
 .debug_abbrev  0x00002a15      0x1bc CMakeFiles/PICO_UART.dir/C_/Users/Prince_Jha/.pico-sdk/sdk/2.3.0/src/rp2_common/pico_bootrom/bootrom.c.obj
 .debug_abbrev  0x00002bd1      0x11d CMakeFiles/PICO_UART.dir/C_/Users/Prince_Jha/.pico-sdk/sdk/2.3.0/src/rp2_common/hardware_xosc/xosc.c.obj
 .debug_abbrev  0x00002cee      0x173 CMakeFiles/PICO_UART.dir/C_/Users/Prince_Jha/.pico-sdk/sdk/2.3.0/src/rp2_common/pico_runtime/runtime.c.obj
 .debug_abbrev  0x00002e61      0x26b CMakeFiles/PICO_UART.dir/C_/Users/Prince_Jha/.pico-sdk/sdk/2.3.0/src/rp2_common/pico_runtime_init/runtime_init.c.obj
 .debug_abbrev  0x000030cc      0x2af CMakeFiles/PICO_UART.dir/C_/Users/Prince_Jha/.pico-sdk/sdk/2.3.0/src/rp2_common/pico_runtime_init/runtime_init_clocks.c.obj
 .debug_abbrev  0x0000337b       0x12 CMakeFiles/PICO_UART.dir/C_/Users/Prince_Jha/.pico-sdk/sdk/2.3.0/src/rp2_common/pico_bit_ops/bit_ops_aeabi.S.obj
 .debug_abbrev  0x0000338d       0x12 CMakeFiles/PICO_UART.dir/C_/Users/Prince_Jha/.pico-sdk/sdk/2.3.0/src/rp2_common/pico_divider/divider_hardware.S.obj
 .debug_abbrev  0x0000339f       0x12 CMakeFiles/PICO_UART.dir/C_/Users/Prince_Jha/.pico-sdk/sdk/2.3.0/src/rp2_common/pico_double/double_aeabi_rp2040.S.obj
 .debug_abbrev  0x000033b1      0x17a CMakeFiles/PICO_UART.dir/C_/Users/Prince_Jha/.pico-sdk/sdk/2.3.0/src/rp2_common/pico_double/double_init_rom_rp2040.c.obj
 .debug_abbrev  0x0000352b       0x12 CMakeFiles/PICO_UART.dir/C_/Users/Prince_Jha/.pico-sdk/sdk/2.3.0/src/rp2_common/pico_double/double_v1_rom_shim_rp2040.S.obj
 .debug_abbrev  0x0000353d       0x12 CMakeFiles/PICO_UART.dir/C_/Users/Prince_Jha/.pico-sdk/sdk/2.3.0/src/rp2_common/pico_float/float_aeabi_rp2040.S.obj
 .debug_abbrev  0x0000354f      0x173 CMakeFiles/PICO_UART.dir/C_/Users/Prince_Jha/.pico-sdk/sdk/2.3.0/src/rp2_common/pico_float/float_init_rom_rp2040.c.obj
 .debug_abbrev  0x000036c2       0x12 CMakeFiles/PICO_UART.dir/C_/Users/Prince_Jha/.pico-sdk/sdk/2.3.0/src/rp2_common/pico_float/float_v1_rom_shim_rp2040.S.obj
 .debug_abbrev  0x000036d4       0x12 CMakeFiles/PICO_UART.dir/C_/Users/Prince_Jha/.pico-sdk/sdk/2.3.0/src/rp2_common/pico_mem_ops/mem_ops_aeabi.S.obj
 .debug_abbrev  0x000036e6       0xb8 CMakeFiles/PICO_UART.dir/C_/Users/Prince_Jha/.pico-sdk/sdk/2.3.0/src/rp2_common/pico_standard_binary_info/standard_binary_info.c.obj
 .debug_abbrev  0x0000379e      0x4ef CMakeFiles/PICO_UART.dir/C_/Users/Prince_Jha/.pico-sdk/sdk/2.3.0/src/rp2_common/pico_printf/printf.c.obj
 .debug_abbrev  0x00003c8d       0x12 CMakeFiles/PICO_UART.dir/C_/Users/Prince_Jha/.pico-sdk/sdk/2.3.0/src/rp2_common/pico_crt0/crt0.S.obj
 .debug_abbrev  0x00003c9f      0x35f CMakeFiles/PICO_UART.dir/C_/Users/Prince_Jha/.pico-sdk/sdk/2.3.0/src/rp2_common/pico_clib_interface/newlib_interface.c.obj
 .debug_abbrev  0x00003ffe      0x5e6 CMakeFiles/PICO_UART.dir/C_/Users/Prince_Jha/.pico-sdk/sdk/2.3.0/src/rp2_common/pico_stdio/stdio.c.obj

.debug_loclists
                0x00000000     0xdb4d
 .debug_loclists
                0x00000000      0x3c7 CMakeFiles/PICO_UART.dir/PICO_UART.c.obj
 .debug_loclists
                0x000003c7      0x36d CMakeFiles/PICO_UART.dir/C_/Users/Prince_Jha/.pico-sdk/sdk/2.3.0/src/common/hardware_claim/claim.c.obj
 .debug_loclists
                0x00000734      0x101 CMakeFiles/PICO_UART.dir/C_/Users/Prince_Jha/.pico-sdk/sdk/2.3.0/src/rp2_common/hardware_sync/sync.c.obj
 .debug_loclists
                0x00000835       0x7d CMakeFiles/PICO_UART.dir/C_/Users/Prince_Jha/.pico-sdk/sdk/2.3.0/src/rp2_common/hardware_sync_spin_lock/sync_spin_lock.c.obj
 .debug_loclists
                0x000008b2     0x1016 CMakeFiles/PICO_UART.dir/C_/Users/Prince_Jha/.pico-sdk/sdk/2.3.0/src/rp2_common/hardware_irq/irq.c.obj
 .debug_loclists
                0x000018c8       0x41 CMakeFiles/PICO_UART.dir/C_/Users/Prince_Jha/.pico-sdk/sdk/2.3.0/src/common/pico_sync/lock_core.c.obj
 .debug_loclists
                0x00001909      0x704 CMakeFiles/PICO_UART.dir/C_/Users/Prince_Jha/.pico-sdk/sdk/2.3.0/src/common/pico_sync/mutex.c.obj
 .debug_loclists
                0x0000200d     0x295c CMakeFiles/PICO_UART.dir/C_/Users/Prince_Jha/.pico-sdk/sdk/2.3.0/src/common/pico_time/time.c.obj
 .debug_loclists
                0x00004969     0x18f6 CMakeFiles/PICO_UART.dir/C_/Users/Prince_Jha/.pico-sdk/sdk/2.3.0/src/rp2_common/hardware_timer/timer.c.obj
 .debug_loclists
                0x0000625f     0x2d7e CMakeFiles/PICO_UART.dir/C_/Users/Prince_Jha/.pico-sdk/sdk/2.3.0/src/rp2_common/hardware_clocks/clocks.c.obj
 .debug_loclists
                0x00008fdd      0x1cf CMakeFiles/PICO_UART.dir/C_/Users/Prince_Jha/.pico-sdk/sdk/2.3.0/src/rp2_common/hardware_pll/pll.c.obj
 .debug_loclists
                0x000091ac       0x47 CMakeFiles/PICO_UART.dir/C_/Users/Prince_Jha/.pico-sdk/sdk/2.3.0/src/rp2_common/hardware_ticks/ticks.c.obj
 .debug_loclists
                0x000091f3      0x351 CMakeFiles/PICO_UART.dir/C_/Users/Prince_Jha/.pico-sdk/sdk/2.3.0/src/rp2_common/pico_bootrom/bootrom.c.obj
 .debug_loclists
                0x00009544       0x48 CMakeFiles/PICO_UART.dir/C_/Users/Prince_Jha/.pico-sdk/sdk/2.3.0/src/rp2_common/hardware_xosc/xosc.c.obj
 .debug_loclists
                0x0000958c       0x7e CMakeFiles/PICO_UART.dir/C_/Users/Prince_Jha/.pico-sdk/sdk/2.3.0/src/rp2_common/pico_runtime/runtime.c.obj
 .debug_loclists
                0x0000960a      0x14f CMakeFiles/PICO_UART.dir/C_/Users/Prince_Jha/.pico-sdk/sdk/2.3.0/src/rp2_common/pico_runtime_init/runtime_init.c.obj
 .debug_loclists
                0x00009759       0x69 CMakeFiles/PICO_UART.dir/C_/Users/Prince_Jha/.pico-sdk/sdk/2.3.0/src/rp2_common/pico_runtime_init/runtime_init_clocks.c.obj
 .debug_loclists
                0x000097c2       0x3d CMakeFiles/PICO_UART.dir/C_/Users/Prince_Jha/.pico-sdk/sdk/2.3.0/src/rp2_common/pico_double/double_init_rom_rp2040.c.obj
 .debug_loclists
                0x000097ff       0x59 CMakeFiles/PICO_UART.dir/C_/Users/Prince_Jha/.pico-sdk/sdk/2.3.0/src/rp2_common/pico_float/float_init_rom_rp2040.c.obj
 .debug_loclists
                0x00009858     0x3100 CMakeFiles/PICO_UART.dir/C_/Users/Prince_Jha/.pico-sdk/sdk/2.3.0/src/rp2_common/pico_printf/printf.c.obj
 .debug_loclists
                0x0000c958      0x419 CMakeFiles/PICO_UART.dir/C_/Users/Prince_Jha/.pico-sdk/sdk/2.3.0/src/rp2_common/pico_clib_interface/newlib_interface.c.obj
 .debug_loclists
                0x0000cd71      0xddc CMakeFiles/PICO_UART.dir/C_/Users/Prince_Jha/.pico-sdk/sdk/2.3.0/src/rp2_common/pico_stdio/stdio.c.obj

.debug_aranges  0x00000000      0xdd8
 .debug_aranges
                0x00000000       0x80 CMakeFiles/PICO_UART.dir/PICO_UART.c.obj
 .debug_aranges
                0x00000080       0x28 CMakeFiles/PICO_UART.dir/C_/Users/Prince_Jha/.pico-sdk/sdk/2.3.0/src/rp2_common/pico_platform_panic/panic.c.obj
 .debug_aranges
                0x000000a8       0x48 CMakeFiles/PICO_UART.dir/C_/Users/Prince_Jha/.pico-sdk/sdk/2.3.0/src/common/hardware_claim/claim.c.obj
 .debug_aranges
                0x000000f0       0x48 CMakeFiles/PICO_UART.dir/C_/Users/Prince_Jha/.pico-sdk/sdk/2.3.0/src/rp2_common/hardware_sync/sync.c.obj
 .debug_aranges
                0x00000138       0x28 CMakeFiles/PICO_UART.dir/C_/Users/Prince_Jha/.pico-sdk/sdk/2.3.0/src/rp2_common/hardware_sync_spin_lock/sync_spin_lock.c.obj
 .debug_aranges
                0x00000160       0xc8 CMakeFiles/PICO_UART.dir/C_/Users/Prince_Jha/.pico-sdk/sdk/2.3.0/src/rp2_common/hardware_irq/irq.c.obj
 .debug_aranges
                0x00000228       0x20 CMakeFiles/PICO_UART.dir/C_/Users/Prince_Jha/.pico-sdk/sdk/2.3.0/src/common/pico_sync/lock_core.c.obj
 .debug_aranges
                0x00000248       0x98 CMakeFiles/PICO_UART.dir/C_/Users/Prince_Jha/.pico-sdk/sdk/2.3.0/src/common/pico_sync/mutex.c.obj
 .debug_aranges
                0x000002e0       0xe0 CMakeFiles/PICO_UART.dir/C_/Users/Prince_Jha/.pico-sdk/sdk/2.3.0/src/common/pico_time/time.c.obj
 .debug_aranges
                0x000003c0       0xf0 CMakeFiles/PICO_UART.dir/C_/Users/Prince_Jha/.pico-sdk/sdk/2.3.0/src/rp2_common/hardware_timer/timer.c.obj
 .debug_aranges
                0x000004b0       0xb0 CMakeFiles/PICO_UART.dir/C_/Users/Prince_Jha/.pico-sdk/sdk/2.3.0/src/rp2_common/hardware_clocks/clocks.c.obj
 .debug_aranges
                0x00000560       0x28 CMakeFiles/PICO_UART.dir/C_/Users/Prince_Jha/.pico-sdk/sdk/2.3.0/src/rp2_common/hardware_pll/pll.c.obj
 .debug_aranges
                0x00000588       0x30 CMakeFiles/PICO_UART.dir/C_/Users/Prince_Jha/.pico-sdk/sdk/2.3.0/src/rp2_common/hardware_ticks/ticks.c.obj
 .debug_aranges
                0x000005b8       0x40 CMakeFiles/PICO_UART.dir/C_/Users/Prince_Jha/.pico-sdk/sdk/2.3.0/src/rp2_common/pico_bootrom/bootrom.c.obj
 .debug_aranges
                0x000005f8       0x30 CMakeFiles/PICO_UART.dir/C_/Users/Prince_Jha/.pico-sdk/sdk/2.3.0/src/rp2_common/hardware_xosc/xosc.c.obj
 .debug_aranges
                0x00000628       0x38 CMakeFiles/PICO_UART.dir/C_/Users/Prince_Jha/.pico-sdk/sdk/2.3.0/src/rp2_common/pico_runtime/runtime.c.obj
 .debug_aranges
                0x00000660       0x48 CMakeFiles/PICO_UART.dir/C_/Users/Prince_Jha/.pico-sdk/sdk/2.3.0/src/rp2_common/pico_runtime_init/runtime_init.c.obj
 .debug_aranges
                0x000006a8       0x20 CMakeFiles/PICO_UART.dir/C_/Users/Prince_Jha/.pico-sdk/sdk/2.3.0/src/rp2_common/pico_runtime_init/runtime_init_clocks.c.obj
 .debug_aranges
                0x000006c8       0x60 CMakeFiles/PICO_UART.dir/C_/Users/Prince_Jha/.pico-sdk/sdk/2.3.0/src/rp2_common/pico_bit_ops/bit_ops_aeabi.S.obj
 .debug_aranges
                0x00000728       0x50 CMakeFiles/PICO_UART.dir/C_/Users/Prince_Jha/.pico-sdk/sdk/2.3.0/src/rp2_common/pico_divider/divider_hardware.S.obj
 .debug_aranges
                0x00000778      0x150 CMakeFiles/PICO_UART.dir/C_/Users/Prince_Jha/.pico-sdk/sdk/2.3.0/src/rp2_common/pico_double/double_aeabi_rp2040.S.obj
 .debug_aranges
                0x000008c8       0x20 CMakeFiles/PICO_UART.dir/C_/Users/Prince_Jha/.pico-sdk/sdk/2.3.0/src/rp2_common/pico_double/double_init_rom_rp2040.c.obj
 .debug_aranges
                0x000008e8       0xc8 CMakeFiles/PICO_UART.dir/C_/Users/Prince_Jha/.pico-sdk/sdk/2.3.0/src/rp2_common/pico_double/double_v1_rom_shim_rp2040.S.obj
 .debug_aranges
                0x000009b0      0x138 CMakeFiles/PICO_UART.dir/C_/Users/Prince_Jha/.pico-sdk/sdk/2.3.0/src/rp2_common/pico_float/float_aeabi_rp2040.S.obj
 .debug_aranges
                0x00000ae8       0x20 CMakeFiles/PICO_UART.dir/C_/Users/Prince_Jha/.pico-sdk/sdk/2.3.0/src/rp2_common/pico_float/float_init_rom_rp2040.c.obj
 .debug_aranges
                0x00000b08       0x50 CMakeFiles/PICO_UART.dir/C_/Users/Prince_Jha/.pico-sdk/sdk/2.3.0/src/rp2_common/pico_float/float_v1_rom_shim_rp2040.S.obj
 .debug_aranges
                0x00000b58       0x38 CMakeFiles/PICO_UART.dir/C_/Users/Prince_Jha/.pico-sdk/sdk/2.3.0/src/rp2_common/pico_mem_ops/mem_ops_aeabi.S.obj
 .debug_aranges
                0x00000b90       0x18 CMakeFiles/PICO_UART.dir/C_/Users/Prince_Jha/.pico-sdk/sdk/2.3.0/src/rp2_common/pico_standard_binary_info/standard_binary_info.c.obj
 .debug_aranges
                0x00000ba8       0x90 CMakeFiles/PICO_UART.dir/C_/Users/Prince_Jha/.pico-sdk/sdk/2.3.0/src/rp2_common/pico_printf/printf.c.obj
 .debug_aranges
                0x00000c38       0x28 CMakeFiles/PICO_UART.dir/C_/Users/Prince_Jha/.pico-sdk/sdk/2.3.0/src/rp2_common/pico_crt0/crt0.S.obj
 .debug_aranges
                0x00000c60       0xb0 CMakeFiles/PICO_UART.dir/C_/Users/Prince_Jha/.pico-sdk/sdk/2.3.0/src/rp2_common/pico_clib_interface/newlib_interface.c.obj
 .debug_aranges
                0x00000d10       0xc8 CMakeFiles/PICO_UART.dir/C_/Users/Prince_Jha/.pico-sdk/sdk/2.3.0/src/rp2_common/pico_stdio/stdio.c.obj

.debug_rnglists
                0x00000000     0x250a
 .debug_rnglists
                0x00000000      0x12a CMakeFiles/PICO_UART.dir/PICO_UART.c.obj
 .debug_rnglists
                0x0000012a       0x19 CMakeFiles/PICO_UART.dir/C_/Users/Prince_Jha/.pico-sdk/sdk/2.3.0/src/rp2_common/pico_platform_panic/panic.c.obj
 .debug_rnglists
                0x00000143       0xb6 CMakeFiles/PICO_UART.dir/C_/Users/Prince_Jha/.pico-sdk/sdk/2.3.0/src/common/hardware_claim/claim.c.obj
 .debug_rnglists
                0x000001f9       0x58 CMakeFiles/PICO_UART.dir/C_/Users/Prince_Jha/.pico-sdk/sdk/2.3.0/src/rp2_common/hardware_sync/sync.c.obj
 .debug_rnglists
                0x00000251       0x3d CMakeFiles/PICO_UART.dir/C_/Users/Prince_Jha/.pico-sdk/sdk/2.3.0/src/rp2_common/hardware_sync_spin_lock/sync_spin_lock.c.obj
 .debug_rnglists
                0x0000028e      0x3c6 CMakeFiles/PICO_UART.dir/C_/Users/Prince_Jha/.pico-sdk/sdk/2.3.0/src/rp2_common/hardware_irq/irq.c.obj
 .debug_rnglists
                0x00000654       0x1f CMakeFiles/PICO_UART.dir/C_/Users/Prince_Jha/.pico-sdk/sdk/2.3.0/src/common/pico_sync/lock_core.c.obj
 .debug_rnglists
                0x00000673      0x1ea CMakeFiles/PICO_UART.dir/C_/Users/Prince_Jha/.pico-sdk/sdk/2.3.0/src/common/pico_sync/mutex.c.obj
 .debug_rnglists
                0x0000085d      0x7ee CMakeFiles/PICO_UART.dir/C_/Users/Prince_Jha/.pico-sdk/sdk/2.3.0/src/common/pico_time/time.c.obj
 .debug_rnglists
                0x0000104b      0x2b6 CMakeFiles/PICO_UART.dir/C_/Users/Prince_Jha/.pico-sdk/sdk/2.3.0/src/rp2_common/hardware_timer/timer.c.obj
 .debug_rnglists
                0x00001301      0x60e CMakeFiles/PICO_UART.dir/C_/Users/Prince_Jha/.pico-sdk/sdk/2.3.0/src/rp2_common/hardware_clocks/clocks.c.obj
 .debug_rnglists
                0x0000190f       0x41 CMakeFiles/PICO_UART.dir/C_/Users/Prince_Jha/.pico-sdk/sdk/2.3.0/src/rp2_common/hardware_pll/pll.c.obj
 .debug_rnglists
                0x00001950       0x2b CMakeFiles/PICO_UART.dir/C_/Users/Prince_Jha/.pico-sdk/sdk/2.3.0/src/rp2_common/hardware_ticks/ticks.c.obj
 .debug_rnglists
                0x0000197b      0x112 CMakeFiles/PICO_UART.dir/C_/Users/Prince_Jha/.pico-sdk/sdk/2.3.0/src/rp2_common/pico_bootrom/bootrom.c.obj
 .debug_rnglists
                0x00001a8d       0x1f CMakeFiles/PICO_UART.dir/C_/Users/Prince_Jha/.pico-sdk/sdk/2.3.0/src/rp2_common/hardware_xosc/xosc.c.obj
 .debug_rnglists
                0x00001aac       0x6d CMakeFiles/PICO_UART.dir/C_/Users/Prince_Jha/.pico-sdk/sdk/2.3.0/src/rp2_common/pico_runtime/runtime.c.obj
 .debug_rnglists
                0x00001b19       0x4a CMakeFiles/PICO_UART.dir/C_/Users/Prince_Jha/.pico-sdk/sdk/2.3.0/src/rp2_common/pico_runtime_init/runtime_init.c.obj
 .debug_rnglists
                0x00001b63       0x20 CMakeFiles/PICO_UART.dir/C_/Users/Prince_Jha/.pico-sdk/sdk/2.3.0/src/rp2_common/pico_runtime_init/runtime_init_clocks.c.obj
 .debug_rnglists
                0x00001b83       0x43 CMakeFiles/PICO_UART.dir/C_/Users/Prince_Jha/.pico-sdk/sdk/2.3.0/src/rp2_common/pico_bit_ops/bit_ops_aeabi.S.obj
 .debug_rnglists
                0x00001bc6       0x38 CMakeFiles/PICO_UART.dir/C_/Users/Prince_Jha/.pico-sdk/sdk/2.3.0/src/rp2_common/pico_divider/divider_hardware.S.obj
 .debug_rnglists
                0x00001bfe       0xf9 CMakeFiles/PICO_UART.dir/C_/Users/Prince_Jha/.pico-sdk/sdk/2.3.0/src/rp2_common/pico_double/double_aeabi_rp2040.S.obj
 .debug_rnglists
                0x00001cf7       0x14 CMakeFiles/PICO_UART.dir/C_/Users/Prince_Jha/.pico-sdk/sdk/2.3.0/src/rp2_common/pico_double/double_init_rom_rp2040.c.obj
 .debug_rnglists
                0x00001d0b       0x99 CMakeFiles/PICO_UART.dir/C_/Users/Prince_Jha/.pico-sdk/sdk/2.3.0/src/rp2_common/pico_double/double_v1_rom_shim_rp2040.S.obj
 .debug_rnglists
                0x00001da4       0xe5 CMakeFiles/PICO_UART.dir/C_/Users/Prince_Jha/.pico-sdk/sdk/2.3.0/src/rp2_common/pico_float/float_aeabi_rp2040.S.obj
 .debug_rnglists
                0x00001e89       0x13 CMakeFiles/PICO_UART.dir/C_/Users/Prince_Jha/.pico-sdk/sdk/2.3.0/src/rp2_common/pico_float/float_init_rom_rp2040.c.obj
 .debug_rnglists
                0x00001e9c       0x38 CMakeFiles/PICO_UART.dir/C_/Users/Prince_Jha/.pico-sdk/sdk/2.3.0/src/rp2_common/pico_float/float_v1_rom_shim_rp2040.S.obj
 .debug_rnglists
                0x00001ed4       0x25 CMakeFiles/PICO_UART.dir/C_/Users/Prince_Jha/.pico-sdk/sdk/2.3.0/src/rp2_common/pico_mem_ops/mem_ops_aeabi.S.obj
 .debug_rnglists
                0x00001ef9      0x2c6 CMakeFiles/PICO_UART.dir/C_/Users/Prince_Jha/.pico-sdk/sdk/2.3.0/src/rp2_common/pico_printf/printf.c.obj
 .debug_rnglists
                0x000021bf       0x1b CMakeFiles/PICO_UART.dir/C_/Users/Prince_Jha/.pico-sdk/sdk/2.3.0/src/rp2_common/pico_crt0/crt0.S.obj
 .debug_rnglists
                0x000021da       0x8b CMakeFiles/PICO_UART.dir/C_/Users/Prince_Jha/.pico-sdk/sdk/2.3.0/src/rp2_common/pico_clib_interface/newlib_interface.c.obj
 .debug_rnglists
                0x00002265      0x2a5 CMakeFiles/PICO_UART.dir/C_/Users/Prince_Jha/.pico-sdk/sdk/2.3.0/src/rp2_common/pico_stdio/stdio.c.obj

.debug_line     0x00000000    0x1400f
 .debug_line    0x00000000      0x8f0 CMakeFiles/PICO_UART.dir/PICO_UART.c.obj
 .debug_line    0x000008f0      0x2a8 CMakeFiles/PICO_UART.dir/C_/Users/Prince_Jha/.pico-sdk/sdk/2.3.0/src/rp2_common/pico_platform_panic/panic.c.obj
 .debug_line    0x00000b98      0x93b CMakeFiles/PICO_UART.dir/C_/Users/Prince_Jha/.pico-sdk/sdk/2.3.0/src/common/hardware_claim/claim.c.obj
 .debug_line    0x000014d3      0x510 CMakeFiles/PICO_UART.dir/C_/Users/Prince_Jha/.pico-sdk/sdk/2.3.0/src/rp2_common/hardware_sync/sync.c.obj
 .debug_line    0x000019e3      0x3d5 CMakeFiles/PICO_UART.dir/C_/Users/Prince_Jha/.pico-sdk/sdk/2.3.0/src/rp2_common/hardware_sync_spin_lock/sync_spin_lock.c.obj
 .debug_line    0x00001db8     0x17fc CMakeFiles/PICO_UART.dir/C_/Users/Prince_Jha/.pico-sdk/sdk/2.3.0/src/rp2_common/hardware_irq/irq.c.obj
 .debug_line    0x000035b4      0x302 CMakeFiles/PICO_UART.dir/C_/Users/Prince_Jha/.pico-sdk/sdk/2.3.0/src/common/pico_sync/lock_core.c.obj
 .debug_line    0x000038b6     0x13d3 CMakeFiles/PICO_UART.dir/C_/Users/Prince_Jha/.pico-sdk/sdk/2.3.0/src/common/pico_sync/mutex.c.obj
 .debug_line    0x00004c89     0x3639 CMakeFiles/PICO_UART.dir/C_/Users/Prince_Jha/.pico-sdk/sdk/2.3.0/src/common/pico_time/time.c.obj
 .debug_line    0x000082c2     0x1dde CMakeFiles/PICO_UART.dir/C_/Users/Prince_Jha/.pico-sdk/sdk/2.3.0/src/rp2_common/hardware_timer/timer.c.obj
 .debug_line    0x0000a0a0     0x2556 CMakeFiles/PICO_UART.dir/C_/Users/Prince_Jha/.pico-sdk/sdk/2.3.0/src/rp2_common/hardware_clocks/clocks.c.obj
 .debug_line    0x0000c5f6      0x524 CMakeFiles/PICO_UART.dir/C_/Users/Prince_Jha/.pico-sdk/sdk/2.3.0/src/rp2_common/hardware_pll/pll.c.obj
 .debug_line    0x0000cb1a      0x357 CMakeFiles/PICO_UART.dir/C_/Users/Prince_Jha/.pico-sdk/sdk/2.3.0/src/rp2_common/hardware_ticks/ticks.c.obj
 .debug_line    0x0000ce71      0x46f CMakeFiles/PICO_UART.dir/C_/Users/Prince_Jha/.pico-sdk/sdk/2.3.0/src/rp2_common/pico_bootrom/bootrom.c.obj
 .debug_line    0x0000d2e0      0x382 CMakeFiles/PICO_UART.dir/C_/Users/Prince_Jha/.pico-sdk/sdk/2.3.0/src/rp2_common/hardware_xosc/xosc.c.obj
 .debug_line    0x0000d662      0x34b CMakeFiles/PICO_UART.dir/C_/Users/Prince_Jha/.pico-sdk/sdk/2.3.0/src/rp2_common/pico_runtime/runtime.c.obj
 .debug_line    0x0000d9ad      0x727 CMakeFiles/PICO_UART.dir/C_/Users/Prince_Jha/.pico-sdk/sdk/2.3.0/src/rp2_common/pico_runtime_init/runtime_init.c.obj
 .debug_line    0x0000e0d4      0x5b7 CMakeFiles/PICO_UART.dir/C_/Users/Prince_Jha/.pico-sdk/sdk/2.3.0/src/rp2_common/pico_runtime_init/runtime_init_clocks.c.obj
 .debug_line    0x0000e68b      0x108 CMakeFiles/PICO_UART.dir/C_/Users/Prince_Jha/.pico-sdk/sdk/2.3.0/src/rp2_common/pico_bit_ops/bit_ops_aeabi.S.obj
 .debug_line    0x0000e793      0x2ee CMakeFiles/PICO_UART.dir/C_/Users/Prince_Jha/.pico-sdk/sdk/2.3.0/src/rp2_common/pico_divider/divider_hardware.S.obj
 .debug_line    0x0000ea81      0x452 CMakeFiles/PICO_UART.dir/C_/Users/Prince_Jha/.pico-sdk/sdk/2.3.0/src/rp2_common/pico_double/double_aeabi_rp2040.S.obj
 .debug_line    0x0000eed3      0x4bf CMakeFiles/PICO_UART.dir/C_/Users/Prince_Jha/.pico-sdk/sdk/2.3.0/src/rp2_common/pico_double/double_init_rom_rp2040.c.obj
 .debug_line    0x0000f392      0x66d CMakeFiles/PICO_UART.dir/C_/Users/Prince_Jha/.pico-sdk/sdk/2.3.0/src/rp2_common/pico_double/double_v1_rom_shim_rp2040.S.obj
 .debug_line    0x0000f9ff      0x3d2 CMakeFiles/PICO_UART.dir/C_/Users/Prince_Jha/.pico-sdk/sdk/2.3.0/src/rp2_common/pico_float/float_aeabi_rp2040.S.obj
 .debug_line    0x0000fdd1      0x3cd CMakeFiles/PICO_UART.dir/C_/Users/Prince_Jha/.pico-sdk/sdk/2.3.0/src/rp2_common/pico_float/float_init_rom_rp2040.c.obj
 .debug_line    0x0001019e      0x195 CMakeFiles/PICO_UART.dir/C_/Users/Prince_Jha/.pico-sdk/sdk/2.3.0/src/rp2_common/pico_float/float_v1_rom_shim_rp2040.S.obj
 .debug_line    0x00010333       0x94 CMakeFiles/PICO_UART.dir/C_/Users/Prince_Jha/.pico-sdk/sdk/2.3.0/src/rp2_common/pico_mem_ops/mem_ops_aeabi.S.obj
 .debug_line    0x000103c7      0x1b1 CMakeFiles/PICO_UART.dir/C_/Users/Prince_Jha/.pico-sdk/sdk/2.3.0/src/rp2_common/pico_standard_binary_info/standard_binary_info.c.obj
 .debug_line    0x00010578     0x1c28 CMakeFiles/PICO_UART.dir/C_/Users/Prince_Jha/.pico-sdk/sdk/2.3.0/src/rp2_common/pico_printf/printf.c.obj
 .debug_line    0x000121a0       0xa3 CMakeFiles/PICO_UART.dir/C_/Users/Prince_Jha/.pico-sdk/sdk/2.3.0/src/rp2_common/pico_crt0/crt0.S.obj
 .debug_line    0x00012243      0x93f CMakeFiles/PICO_UART.dir/C_/Users/Prince_Jha/.pico-sdk/sdk/2.3.0/src/rp2_common/pico_clib_interface/newlib_interface.c.obj
 .debug_line    0x00012b82     0x148d CMakeFiles/PICO_UART.dir/C_/Users/Prince_Jha/.pico-sdk/sdk/2.3.0/src/rp2_common/pico_stdio/stdio.c.obj

.debug_str      0x00000000     0x405f
 .debug_str     0x00000000     0x405f CMakeFiles/PICO_UART.dir/PICO_UART.c.obj
                                0x2d0 (size before relaxing)
 .debug_str     0x0000405f        0x0 CMakeFiles/PICO_UART.dir/C_/Users/Prince_Jha/.pico-sdk/sdk/2.3.0/src/rp2_common/pico_platform_panic/panic.c.obj
                                0x209 (size before relaxing)
 .debug_str     0x0000405f        0x0 CMakeFiles/PICO_UART.dir/C_/Users/Prince_Jha/.pico-sdk/sdk/2.3.0/src/common/hardware_claim/claim.c.obj
                                0x38c (size before relaxing)
 .debug_str     0x0000405f        0x0 CMakeFiles/PICO_UART.dir/C_/Users/Prince_Jha/.pico-sdk/sdk/2.3.0/src/rp2_common/hardware_sync/sync.c.obj
                                0x335 (size before relaxing)
 .debug_str     0x0000405f        0x0 CMakeFiles/PICO_UART.dir/C_/Users/Prince_Jha/.pico-sdk/sdk/2.3.0/src/rp2_common/hardware_sync_spin_lock/sync_spin_lock.c.obj
                                0x248 (size before relaxing)
 .debug_str     0x0000405f        0x0 CMakeFiles/PICO_UART.dir/C_/Users/Prince_Jha/.pico-sdk/sdk/2.3.0/src/rp2_common/hardware_irq/irq.c.obj
                                0xaf8 (size before relaxing)
 .debug_str     0x0000405f        0x0 CMakeFiles/PICO_UART.dir/C_/Users/Prince_Jha/.pico-sdk/sdk/2.3.0/src/common/pico_sync/lock_core.c.obj
                                0x214 (size before relaxing)
 .debug_str     0x0000405f        0x0 CMakeFiles/PICO_UART.dir/C_/Users/Prince_Jha/.pico-sdk/sdk/2.3.0/src/common/pico_sync/mutex.c.obj
                                0x7ef (size before relaxing)
 .debug_str     0x0000405f        0x0 CMakeFiles/PICO_UART.dir/C_/Users/Prince_Jha/.pico-sdk/sdk/2.3.0/src/common/pico_time/time.c.obj
                               0x11f6 (size before relaxing)
 .debug_str     0x0000405f        0x0 CMakeFiles/PICO_UART.dir/C_/Users/Prince_Jha/.pico-sdk/sdk/2.3.0/src/rp2_common/hardware_timer/timer.c.obj
                                0xa37 (size before relaxing)
 .debug_str     0x0000405f        0x0 CMakeFiles/PICO_UART.dir/C_/Users/Prince_Jha/.pico-sdk/sdk/2.3.0/src/rp2_common/hardware_clocks/clocks.c.obj
                                0xed9 (size before relaxing)
 .debug_str     0x0000405f        0x0 CMakeFiles/PICO_UART.dir/C_/Users/Prince_Jha/.pico-sdk/sdk/2.3.0/src/rp2_common/hardware_pll/pll.c.obj
                                0x473 (size before relaxing)
 .debug_str     0x0000405f        0x0 CMakeFiles/PICO_UART.dir/C_/Users/Prince_Jha/.pico-sdk/sdk/2.3.0/src/rp2_common/hardware_ticks/ticks.c.obj
                                0x296 (size before relaxing)
 .debug_str     0x0000405f        0x0 CMakeFiles/PICO_UART.dir/C_/Users/Prince_Jha/.pico-sdk/sdk/2.3.0/src/rp2_common/pico_bootrom/bootrom.c.obj
                                0x35b (size before relaxing)
 .debug_str     0x0000405f        0x0 CMakeFiles/PICO_UART.dir/C_/Users/Prince_Jha/.pico-sdk/sdk/2.3.0/src/rp2_common/hardware_xosc/xosc.c.obj
                                0x24b (size before relaxing)
 .debug_str     0x0000405f        0x0 CMakeFiles/PICO_UART.dir/C_/Users/Prince_Jha/.pico-sdk/sdk/2.3.0/src/rp2_common/pico_runtime/runtime.c.obj
                                0x29b (size before relaxing)
 .debug_str     0x0000405f        0x0 CMakeFiles/PICO_UART.dir/C_/Users/Prince_Jha/.pico-sdk/sdk/2.3.0/src/rp2_common/pico_runtime_init/runtime_init.c.obj
                                0x7ce (size before relaxing)
 .debug_str     0x0000405f        0x0 CMakeFiles/PICO_UART.dir/C_/Users/Prince_Jha/.pico-sdk/sdk/2.3.0/src/rp2_common/pico_runtime_init/runtime_init_clocks.c.obj
                                0x4a3 (size before relaxing)
 .debug_str     0x0000405f        0x0 CMakeFiles/PICO_UART.dir/C_/Users/Prince_Jha/.pico-sdk/sdk/2.3.0/src/rp2_common/pico_bit_ops/bit_ops_aeabi.S.obj
                                 0x93 (size before relaxing)
 .debug_str     0x0000405f        0x0 CMakeFiles/PICO_UART.dir/C_/Users/Prince_Jha/.pico-sdk/sdk/2.3.0/src/rp2_common/pico_divider/divider_hardware.S.obj
                                 0x96 (size before relaxing)
 .debug_str     0x0000405f        0x0 CMakeFiles/PICO_UART.dir/C_/Users/Prince_Jha/.pico-sdk/sdk/2.3.0/src/rp2_common/pico_double/double_aeabi_rp2040.S.obj
                                 0x98 (size before relaxing)
 .debug_str     0x0000405f        0x0 CMakeFiles/PICO_UART.dir/C_/Users/Prince_Jha/.pico-sdk/sdk/2.3.0/src/rp2_common/pico_double/double_init_rom_rp2040.c.obj
                                0x2d1 (size before relaxing)
 .debug_str     0x0000405f        0x0 CMakeFiles/PICO_UART.dir/C_/Users/Prince_Jha/.pico-sdk/sdk/2.3.0/src/rp2_common/pico_double/double_v1_rom_shim_rp2040.S.obj
                                 0x9e (size before relaxing)
 .debug_str     0x0000405f        0x0 CMakeFiles/PICO_UART.dir/C_/Users/Prince_Jha/.pico-sdk/sdk/2.3.0/src/rp2_common/pico_float/float_aeabi_rp2040.S.obj
                                 0x96 (size before relaxing)
 .debug_str     0x0000405f        0x0 CMakeFiles/PICO_UART.dir/C_/Users/Prince_Jha/.pico-sdk/sdk/2.3.0/src/rp2_common/pico_float/float_init_rom_rp2040.c.obj
                                0x2b6 (size before relaxing)
 .debug_str     0x0000405f        0x0 CMakeFiles/PICO_UART.dir/C_/Users/Prince_Jha/.pico-sdk/sdk/2.3.0/src/rp2_common/pico_float/float_v1_rom_shim_rp2040.S.obj
                                 0x9c (size before relaxing)
 .debug_str     0x0000405f        0x0 CMakeFiles/PICO_UART.dir/C_/Users/Prince_Jha/.pico-sdk/sdk/2.3.0/src/rp2_common/pico_mem_ops/mem_ops_aeabi.S.obj
                                 0x93 (size before relaxing)
 .debug_str     0x0000405f        0x0 CMakeFiles/PICO_UART.dir/C_/Users/Prince_Jha/.pico-sdk/sdk/2.3.0/src/rp2_common/pico_standard_binary_info/standard_binary_info.c.obj
                                0x43f (size before relaxing)
 .debug_str     0x0000405f        0x0 CMakeFiles/PICO_UART.dir/C_/Users/Prince_Jha/.pico-sdk/sdk/2.3.0/src/rp2_common/pico_printf/printf.c.obj
                                0x4ed (size before relaxing)
 .debug_str     0x0000405f        0x0 CMakeFiles/PICO_UART.dir/C_/Users/Prince_Jha/.pico-sdk/sdk/2.3.0/src/rp2_common/pico_crt0/crt0.S.obj
                                 0x87 (size before relaxing)
 .debug_str     0x0000405f        0x0 CMakeFiles/PICO_UART.dir/C_/Users/Prince_Jha/.pico-sdk/sdk/2.3.0/src/rp2_common/pico_clib_interface/newlib_interface.c.obj
                                0x78a (size before relaxing)
 .debug_str     0x0000405f        0x0 CMakeFiles/PICO_UART.dir/C_/Users/Prince_Jha/.pico-sdk/sdk/2.3.0/src/rp2_common/pico_stdio/stdio.c.obj
                                0xb0b (size before relaxing)

.comment        0x00000000       0x45
 .comment       0x00000000       0x45 CMakeFiles/PICO_UART.dir/PICO_UART.c.obj
                                 0x46 (size before relaxing)
 .comment       0x00000045        0x0 CMakeFiles/PICO_UART.dir/C_/Users/Prince_Jha/.pico-sdk/sdk/2.3.0/src/rp2_common/pico_platform_panic/panic.c.obj
                                 0x46 (size before relaxing)
 .comment       0x00000045        0x0 CMakeFiles/PICO_UART.dir/C_/Users/Prince_Jha/.pico-sdk/sdk/2.3.0/src/common/hardware_claim/claim.c.obj
                                 0x46 (size before relaxing)
 .comment       0x00000045        0x0 CMakeFiles/PICO_UART.dir/C_/Users/Prince_Jha/.pico-sdk/sdk/2.3.0/src/rp2_common/hardware_sync/sync.c.obj
                                 0x46 (size before relaxing)
 .comment       0x00000045        0x0 CMakeFiles/PICO_UART.dir/C_/Users/Prince_Jha/.pico-sdk/sdk/2.3.0/src/rp2_common/hardware_sync_spin_lock/sync_spin_lock.c.obj
                                 0x46 (size before relaxing)
 .comment       0x00000045        0x0 CMakeFiles/PICO_UART.dir/C_/Users/Prince_Jha/.pico-sdk/sdk/2.3.0/src/rp2_common/hardware_irq/irq.c.obj
                                 0x46 (size before relaxing)
 .comment       0x00000045        0x0 CMakeFiles/PICO_UART.dir/C_/Users/Prince_Jha/.pico-sdk/sdk/2.3.0/src/common/pico_sync/lock_core.c.obj
                                 0x46 (size before relaxing)
 .comment       0x00000045        0x0 CMakeFiles/PICO_UART.dir/C_/Users/Prince_Jha/.pico-sdk/sdk/2.3.0/src/common/pico_sync/mutex.c.obj
                                 0x46 (size before relaxing)
 .comment       0x00000045        0x0 CMakeFiles/PICO_UART.dir/C_/Users/Prince_Jha/.pico-sdk/sdk/2.3.0/src/common/pico_time/time.c.obj
                                 0x46 (size before relaxing)
 .comment       0x00000045        0x0 CMakeFiles/PICO_UART.dir/C_/Users/Prince_Jha/.pico-sdk/sdk/2.3.0/src/rp2_common/hardware_timer/timer.c.obj
                                 0x46 (size before relaxing)
 .comment       0x00000045        0x0 CMakeFiles/PICO_UART.dir/C_/Users/Prince_Jha/.pico-sdk/sdk/2.3.0/src/rp2_common/hardware_clocks/clocks.c.obj
                                 0x46 (size before relaxing)
 .comment       0x00000045        0x0 CMakeFiles/PICO_UART.dir/C_/Users/Prince_Jha/.pico-sdk/sdk/2.3.0/src/rp2_common/hardware_pll/pll.c.obj
                                 0x46 (size before relaxing)
 .comment       0x00000045        0x0 CMakeFiles/PICO_UART.dir/C_/Users/Prince_Jha/.pico-sdk/sdk/2.3.0/src/rp2_common/hardware_ticks/ticks.c.obj
                                 0x46 (size before relaxing)
 .comment       0x00000045        0x0 CMakeFiles/PICO_UART.dir/C_/Users/Prince_Jha/.pico-sdk/sdk/2.3.0/src/rp2_common/pico_bootrom/bootrom.c.obj
                                 0x46 (size before relaxing)
 .comment       0x00000045        0x0 CMakeFiles/PICO_UART.dir/C_/Users/Prince_Jha/.pico-sdk/sdk/2.3.0/src/rp2_common/hardware_xosc/xosc.c.obj
                                 0x46 (size before relaxing)
 .comment       0x00000045        0x0 CMakeFiles/PICO_UART.dir/C_/Users/Prince_Jha/.pico-sdk/sdk/2.3.0/src/rp2_common/pico_runtime/runtime.c.obj
                                 0x46 (size before relaxing)
 .comment       0x00000045        0x0 CMakeFiles/PICO_UART.dir/C_/Users/Prince_Jha/.pico-sdk/sdk/2.3.0/src/rp2_common/pico_runtime_init/runtime_init.c.obj
                                 0x46 (size before relaxing)
 .comment       0x00000045        0x0 CMakeFiles/PICO_UART.dir/C_/Users/Prince_Jha/.pico-sdk/sdk/2.3.0/src/rp2_common/pico_runtime_init/runtime_init_clocks.c.obj
                                 0x46 (size before relaxing)
 .comment       0x00000045        0x0 CMakeFiles/PICO_UART.dir/C_/Users/Prince_Jha/.pico-sdk/sdk/2.3.0/src/rp2_common/pico_double/double_init_rom_rp2040.c.obj
                                 0x46 (size before relaxing)
 .comment       0x00000045        0x0 CMakeFiles/PICO_UART.dir/C_/Users/Prince_Jha/.pico-sdk/sdk/2.3.0/src/rp2_common/pico_float/float_init_rom_rp2040.c.obj
                                 0x46 (size before relaxing)
 .comment       0x00000045        0x0 CMakeFiles/PICO_UART.dir/C_/Users/Prince_Jha/.pico-sdk/sdk/2.3.0/src/rp2_common/pico_standard_binary_info/standard_binary_info.c.obj
                                 0x46 (size before relaxing)
 .comment       0x00000045        0x0 CMakeFiles/PICO_UART.dir/C_/Users/Prince_Jha/.pico-sdk/sdk/2.3.0/src/rp2_common/pico_printf/printf.c.obj
                                 0x46 (size before relaxing)
 .comment       0x00000045        0x0 CMakeFiles/PICO_UART.dir/C_/Users/Prince_Jha/.pico-sdk/sdk/2.3.0/src/rp2_common/pico_clib_interface/newlib_interface.c.obj
                                 0x46 (size before relaxing)
 .comment       0x00000045        0x0 CMakeFiles/PICO_UART.dir/C_/Users/Prince_Jha/.pico-sdk/sdk/2.3.0/src/rp2_common/pico_stdio/stdio.c.obj
                                 0x46 (size before relaxing)

.ARM.attributes
                0x00000000       0x2a
 .ARM.attributes
                0x00000000       0x2c CMakeFiles/PICO_UART.dir/PICO_UART.c.obj
 .ARM.attributes